ARM Linker, 5.03 [Build 76] [MDK-ARM Standard]

==============================================================================

Section Cross References

    startup_stm32f10x_hd.o(RESET) refers to startup_stm32f10x_hd.o(STACK) for __initial_sp
    startup_stm32f10x_hd.o(RESET) refers to startup_stm32f10x_hd.o(.text) for Reset_Handler
    startup_stm32f10x_hd.o(RESET) refers to stm32f103vc.o(i.DMA1_Channel1_IRQHandler) for DMA1_Channel1_IRQHandler
    startup_stm32f10x_hd.o(RESET) refers to stm32f103vc.o(i.TIM3_IRQHandler) for TIM3_IRQHandler
    startup_stm32f10x_hd.o(RESET) refers to stm32f103vc.o(i.TIM6_IRQHandler) for TIM6_IRQHandler
    startup_stm32f10x_hd.o(RESET) refers to stm32f103vc.o(i.TIM7_IRQHandler) for TIM7_IRQHandler
    startup_stm32f10x_hd.o(.text) refers to system_stm32f10x.o(i.SystemInit) for SystemInit
    startup_stm32f10x_hd.o(.text) refers to entry.o(.ARM.Collect$$$$00000000) for __main
    stm32f10x_adc.o(i.ADC_DeInit) refers to stm32f10x_rcc.o(i.RCC_APB2PeriphResetCmd) for RCC_APB2PeriphResetCmd
    stm32f10x_bkp.o(i.BKP_DeInit) refers to stm32f10x_rcc.o(i.RCC_BackupResetCmd) for RCC_BackupResetCmd
    stm32f10x_can.o(i.CAN_DeInit) refers to stm32f10x_rcc.o(i.RCC_APB1PeriphResetCmd) for RCC_APB1PeriphResetCmd
    stm32f10x_can.o(i.CAN_GetITStatus) refers to stm32f10x_can.o(i.CheckITStatus) for CheckITStatus
    stm32f10x_can.o(i.CAN_Receive) refers to stm32f10x_can.o(i.CAN_FIFORelease) for CAN_FIFORelease
    stm32f10x_cec.o(i.CEC_DeInit) refers to stm32f10x_rcc.o(i.RCC_APB1PeriphResetCmd) for RCC_APB1PeriphResetCmd
    stm32f10x_dac.o(i.DAC_DeInit) refers to stm32f10x_rcc.o(i.RCC_APB1PeriphResetCmd) for RCC_APB1PeriphResetCmd
    stm32f10x_flash.o(i.FLASH_EnableWriteProtection) refers to stm32f10x_flash.o(i.FLASH_WaitForLastOperation) for FLASH_WaitForLastOperation
    stm32f10x_flash.o(i.FLASH_EraseAllBank1Pages) refers to stm32f10x_flash.o(i.FLASH_WaitForLastBank1Operation) for FLASH_WaitForLastBank1Operation
    stm32f10x_flash.o(i.FLASH_EraseAllPages) refers to stm32f10x_flash.o(i.FLASH_WaitForLastOperation) for FLASH_WaitForLastOperation
    stm32f10x_flash.o(i.FLASH_EraseOptionBytes) refers to stm32f10x_flash.o(i.FLASH_GetReadOutProtectionStatus) for FLASH_GetReadOutProtectionStatus
    stm32f10x_flash.o(i.FLASH_EraseOptionBytes) refers to stm32f10x_flash.o(i.FLASH_WaitForLastOperation) for FLASH_WaitForLastOperation
    stm32f10x_flash.o(i.FLASH_ErasePage) refers to stm32f10x_flash.o(i.FLASH_WaitForLastOperation) for FLASH_WaitForLastOperation
    stm32f10x_flash.o(i.FLASH_ProgramHalfWord) refers to stm32f10x_flash.o(i.FLASH_WaitForLastOperation) for FLASH_WaitForLastOperation
    stm32f10x_flash.o(i.FLASH_ProgramOptionByteData) refers to stm32f10x_flash.o(i.FLASH_WaitForLastOperation) for FLASH_WaitForLastOperation
    stm32f10x_flash.o(i.FLASH_ProgramWord) refers to stm32f10x_flash.o(i.FLASH_WaitForLastOperation) for FLASH_WaitForLastOperation
    stm32f10x_flash.o(i.FLASH_ReadOutProtection) refers to stm32f10x_flash.o(i.FLASH_WaitForLastOperation) for FLASH_WaitForLastOperation
    stm32f10x_flash.o(i.FLASH_UserOptionByteConfig) refers to stm32f10x_flash.o(i.FLASH_WaitForLastOperation) for FLASH_WaitForLastOperation
    stm32f10x_flash.o(i.FLASH_WaitForLastBank1Operation) refers to stm32f10x_flash.o(i.FLASH_GetBank1Status) for FLASH_GetBank1Status
    stm32f10x_flash.o(i.FLASH_WaitForLastOperation) refers to stm32f10x_flash.o(i.FLASH_GetBank1Status) for FLASH_GetBank1Status
    stm32f10x_gpio.o(i.GPIO_AFIODeInit) refers to stm32f10x_rcc.o(i.RCC_APB2PeriphResetCmd) for RCC_APB2PeriphResetCmd
    stm32f10x_gpio.o(i.GPIO_DeInit) refers to stm32f10x_rcc.o(i.RCC_APB2PeriphResetCmd) for RCC_APB2PeriphResetCmd
    stm32f10x_i2c.o(i.I2C_DeInit) refers to stm32f10x_rcc.o(i.RCC_APB1PeriphResetCmd) for RCC_APB1PeriphResetCmd
    stm32f10x_i2c.o(i.I2C_Init) refers to stm32f10x_rcc.o(i.RCC_GetClocksFreq) for RCC_GetClocksFreq
    stm32f10x_pwr.o(i.PWR_DeInit) refers to stm32f10x_rcc.o(i.RCC_APB1PeriphResetCmd) for RCC_APB1PeriphResetCmd
    stm32f10x_rcc.o(i.RCC_GetClocksFreq) refers to stm32f10x_rcc.o(.data) for APBAHBPrescTable
    stm32f10x_rcc.o(i.RCC_WaitForHSEStartUp) refers to stm32f10x_rcc.o(i.RCC_GetFlagStatus) for RCC_GetFlagStatus
    stm32f10x_rtc.o(i.RTC_SetAlarm) refers to stm32f10x_rtc.o(i.RTC_EnterConfigMode) for RTC_EnterConfigMode
    stm32f10x_rtc.o(i.RTC_SetAlarm) refers to stm32f10x_rtc.o(i.RTC_ExitConfigMode) for RTC_ExitConfigMode
    stm32f10x_rtc.o(i.RTC_SetCounter) refers to stm32f10x_rtc.o(i.RTC_EnterConfigMode) for RTC_EnterConfigMode
    stm32f10x_rtc.o(i.RTC_SetCounter) refers to stm32f10x_rtc.o(i.RTC_ExitConfigMode) for RTC_ExitConfigMode
    stm32f10x_rtc.o(i.RTC_SetPrescaler) refers to stm32f10x_rtc.o(i.RTC_EnterConfigMode) for RTC_EnterConfigMode
    stm32f10x_rtc.o(i.RTC_SetPrescaler) refers to stm32f10x_rtc.o(i.RTC_ExitConfigMode) for RTC_ExitConfigMode
[...]
    Page_OnRPParamBase                       0x0800cf09   Thumb Code   116  mypagenps7510.o(i.Page_OnRPParamBase)
    Page_OnRPPrimaryData                     0x0800cfad   Thumb Code   546  mypagenps7510.o(i.Page_OnRPPrimaryData)
    Page_OnRPSetupDeviceTime                 0x0800d251   Thumb Code   194  mypage160x160.o(i.Page_OnRPSetupDeviceTime)
    Page_OnRPSetupEnergy                     0x0800d335   Thumb Code   180  mypagenps7510.o(i.Page_OnRPSetupEnergy)
    Page_OnRefreshACData                     0x0800d41d   Thumb Code    48  mypagenps7510.o(i.Page_OnRefreshACData)
    Page_OnRefreshInfo                       0x0800d44d   Thumb Code   340  mypagenps7510.o(i.Page_OnRefreshInfo)
    Page_OnRefreshPage                       0x0800d60d   Thumb Code   132  mypagenps7510.o(i.Page_OnRefreshPage)
    Page_OnRefreshPageEvent                  0x0800d69d   Thumb Code   416  mypage160x160.o(i.Page_OnRefreshPageEvent)
    Page_OnRefreshPageLCDContrast            0x0800d891   Thumb Code   270  mypage160x160.o(i.Page_OnRefreshPageLCDContrast)
    Page_OnRefreshPageParamSetup             0x0800d9bd   Thumb Code    96  mypagenps7510.o(i.Page_OnRefreshPageParamSetup)
    Page_OnRefreshPageRTWave                 0x0800da21   Thumb Code   152  mypagenps7510.o(i.Page_OnRefreshPageRTWave)
    Page_OnRefreshPageSetpoint               0x0800dae1   Thumb Code    92  mypagenps7510.o(i.Page_OnRefreshPageSetpoint)
    Page_OnRefreshPageSwitch                 0x0800db8d   Thumb Code   118  mypagenps7510.o(i.Page_OnRefreshPageSwitch)
    Page_OnRefreshPageWaveRecord             0x0800dc35   Thumb Code    60  mypagenps7510.o(i.Page_OnRefreshPageWaveRecord)
    Page_SetMetrics                          0x0800dc91   Thumb Code    16  mypage.o(i.Page_SetMetrics)
    Protect_DL1_OnInit                       0x0800dcad   Thumb Code     8  protect.o(i.Protect_DL1_OnInit)
    Protect_DL1_Run                          0x0800dcb9   Thumb Code    48  protect.o(i.Protect_DL1_Run)
    Protect_DL2_OnInit                       0x0800dcf5   Thumb Code     8  protect.o(i.Protect_DL2_OnInit)
    Protect_DL2_Run                          0x0800dd01   Thumb Code    48  protect.o(i.Protect_DL2_Run)
    Protect_GY1_OnInit                       0x0800dd3d   Thumb Code     8  protect.o(i.Protect_GY1_OnInit)
    Protect_GY1_Run                          0x0800dd49   Thumb Code    48  protect.o(i.Protect_GY1_Run)
    Protect_GY2_OnInit                       0x0800dd85   Thumb Code     8  protect.o(i.Protect_GY2_OnInit)
    Protect_GY2_Run                          0x0800dd91   Thumb Code    48  protect.o(i.Protect_GY2_Run)
    Protect_GetAct                           0x0800ddcd   Thumb Code    56  __protect.o(i.Protect_GetAct)
    Protect_OnActTripped                     0x0800de0d   Thumb Code     2  protect.o(i.Protect_OnActTripped)
    Protect_OnInit                           0x0800de11   Thumb Code    38  protect.o(i.Protect_OnInit)
    Protect_OnInit1                          0x0800de41   Thumb Code    42  __protect.o(i.Protect_OnInit1)
    Protect_OnInitSetpoint                   0x0800de89   Thumb Code    16  protect.o(i.Protect_OnInitSetpoint)
    Protect_OnTimer10ms                      0x0800de9d   Thumb Code   120  __protect.o(i.Protect_OnTimer10ms)
    Protect_OnTimer1ms                       0x0800df2d   Thumb Code   142  __protect.o(i.Protect_OnTimer1ms)
    Protect_ProtectXGE                       0x0800dfc9   Thumb Code    88  __protect.o(i.Protect_ProtectXGE)
    Protect_ProtectXLE                       0x0800e021   Thumb Code    88  __protect.o(i.Protect_ProtectXLE)
    Protect_QY1_OnInit                       0x0800e079   Thumb Code    12  protect.o(i.Protect_QY1_OnInit)
    Protect_QY1_Run                          0x0800e08d   Thumb Code    84  protect.o(i.Protect_QY1_Run)
    Protect_QY2_OnInit                       0x0800e0f5   Thumb Code    12  protect.o(i.Protect_QY2_OnInit)
    Protect_QY2_Run                          0x0800e109   Thumb Code    84  protect.o(i.Protect_QY2_Run)
    Protect_Run                              0x0800e171   Thumb Code   218  protect.o(i.Protect_Run)
    Protect_SetProtectAct                    0x0800e27d   Thumb Code   374  __protect.o(i.Protect_SetProtectAct)
    Protocol_CopyByteToWord                  0x0800e421   Thumb Code    32  myprotocolmodbus.o(i.Protocol_CopyByteToWord)
    Protocol_CopyWordToByte                  0x0800e441   Thumb Code    32  myprotocolmodbus.o(i.Protocol_CopyWordToByte)
    Protocol_GetSndData                      0x0800e461   Thumb Code    52  myprotocol.o(i.Protocol_GetSndData)
    Protocol_OnInit                          0x0800e4a1   Thumb Code    46  myprotocol.o(i.Protocol_OnInit)
    Protocol_OnPolling                       0x0800e4f5   Thumb Code    32  myprotocol.o(i.Protocol_OnPolling)
    Protocol_OnRcvProcess                    0x0800e51d   Thumb Code   268  myprotocolmodbus.o(i.Protocol_OnRcvProcess)
    Protocol_OnTaskProcess                   0x0800e645   Thumb Code   378  myprotocolmodbus.o(i.Protocol_OnTaskProcess)
    Protocol_OnTimer10msCRC                  0x0800e7c9   Thumb Code   146  myprotocolmodbus.o(i.Protocol_OnTimer10msCRC)
    RCC_ADCCLKConfig                         0x0800e875   Thumb Code    18  stm32f10x_rcc.o(i.RCC_ADCCLKConfig)
    RCC_AHBPeriphClockCmd                    0x0800e88d   Thumb Code    26  stm32f10x_rcc.o(i.RCC_AHBPeriphClockCmd)
    RCC_APB1PeriphClockCmd                   0x0800e8ad   Thumb Code    26  stm32f10x_rcc.o(i.RCC_APB1PeriphClockCmd)
    RCC_APB2PeriphClockCmd                   0x0800e8cd   Thumb Code    26  stm32f10x_rcc.o(i.RCC_APB2PeriphClockCmd)
    RCC_ClearFlag                            0x0800e8ed   Thumb Code    14  stm32f10x_rcc.o(i.RCC_ClearFlag)
    RCC_GetClocksFreq                        0x0800e901   Thumb Code   192  stm32f10x_rcc.o(i.RCC_GetClocksFreq)
    RCC_GetFlagStatus                        0x0800e9d5   Thumb Code    56  stm32f10x_rcc.o(i.RCC_GetFlagStatus)
    RTC_IsError                              0x0800ea11   Thumb Code   100  rtc_rx8025.o(i.RTC_IsError)
    RTC_OnInit                               0x0800ea75   Thumb Code   102  rtc_rx8025.o(i.RTC_OnInit)
    RTC_ReadTime                             0x0800eadb   Thumb Code    98  rtc_rx8025.o(i.RTC_ReadTime)
    RTC_WriteTime                            0x0800eb3d   Thumb Code    84  rtc_rx8025.o(i.RTC_WriteTime)
    StringCopy                               0x0800f039   Thumb Code    20  __tool.o(i.StringCopy)
    Switch_OnInit                            0x0800f04d   Thumb Code    64  __switch.o(i.Switch_OnInit)
    Switch_OnTimer1ms                        0x0800f0b1   Thumb Code   358  __switch.o(i.Switch_OnTimer1ms)
    SystemInit                               0x0800f239   Thumb Code    76  system_stm32f10x.o(i.SystemInit)
    TIM3_IRQHandler                          0x0800f299   Thumb Code    82  stm32f103vc.o(i.TIM3_IRQHandler)
    TIM6_IRQHandler                          0x0800f2fd   Thumb Code   100  stm32f103vc.o(i.TIM6_IRQHandler)
    TIM7_IRQHandler                          0x0800f371   Thumb Code   118  stm32f103vc.o(i.TIM7_IRQHandler)
    TIM_ClearITPendingBit                    0x0800f405   Thumb Code     6  stm32f10x_tim.o(i.TIM_ClearITPendingBit)
    TIM_Cmd                                  0x0800f40b   Thumb Code    24  stm32f10x_tim.o(i.TIM_Cmd)
    TIM_Config                               0x0800f425   Thumb Code   312  stm32f103vc.o(i.TIM_Config)
    TIM_GetITStatus                          0x0800f56d   Thumb Code    34  stm32f10x_tim.o(i.TIM_GetITStatus)
    TIM_ITConfig                             0x0800f58f   Thumb Code    18  stm32f10x_tim.o(i.TIM_ITConfig)
    TIM_PrescalerConfig                      0x0800f5a1   Thumb Code     6  stm32f10x_tim.o(i.TIM_PrescalerConfig)
    TIM_TimeBaseInit                         0x0800f5a9   Thumb Code   122  stm32f10x_tim.o(i.TIM_TimeBaseInit)
    Table_ControlOut                         0x0800f64d   Thumb Code   176  mytabledmr.o(i.Table_ControlOut)
    Table_GetDevAddr                         0x0800f701   Thumb Code    30  mytable.o(i.Table_GetDevAddr)
    Table_GetDeviceAddr                      0x0800f721   Thumb Code   356  mytabledmr.o(i.Table_GetDeviceAddr)
    Table_ReadExt                            0x0800f8ad   Thumb Code    38  mytabledmr.o(i.Table_ReadExt)
    Table_ReadWaveRecod                      0x0800f8d5   Thumb Code   448  mytabledmr.o(i.Table_ReadWaveRecod)
    Table_RemoteControlOut                   0x0800fac1   Thumb Code    68  mytabledmr.o(i.Table_RemoteControlOut)
    TimeNEQ                                  0x0800fb09   Thumb Code    90  mytabledmr.o(i.TimeNEQ)
    Time_GetDayOfMonth                       0x0800fb63   Thumb Code    78  __time.o(i.Time_GetDayOfMonth)
    Time_IsFlashing                          0x0800fbb1   Thumb Code    18  __time.o(i.Time_IsFlashing)
    Time_IsTimeOK                            0x0800fbc9   Thumb Code   100  __time.o(i.Time_IsTimeOK)
    Time_OnInit                              0x0800fc2d   Thumb Code    50  __time.o(i.Time_OnInit)
    Time_OnTimer1000ms                       0x0800fc6d   Thumb Code    60  __time.o(i.Time_OnTimer1000ms)
    Time_OnTimer1ms                          0x0800fcb1   Thumb Code   148  __time.o(i.Time_OnTimer1ms)
    Time_OnUpdateDevice                      0x0800fd49   Thumb Code    22  __time.o(i.Time_OnUpdateDevice)
    USART_ClearFlag                          0x0800fd69   Thumb Code    18  stm32f10x_usart.o(i.USART_ClearFlag)
    USART_Cmd                                0x0800fd7b   Thumb Code    24  stm32f10x_usart.o(i.USART_Cmd)
    USART_GetFlagStatus                      0x0800fd93   Thumb Code    26  stm32f10x_usart.o(i.USART_GetFlagStatus)
    USART_Init                               0x0800fdad   Thumb Code   210  stm32f10x_usart.o(i.USART_Init)
    USART_ReceiveData                        0x0800fe85   Thumb Code    10  stm32f10x_usart.o(i.USART_ReceiveData)
    USART_SendData                           0x0800fe8f   Thumb Code     8  stm32f10x_usart.o(i.USART_SendData)
    USART_StructInit                         0x0800fe97   Thumb Code    24  stm32f10x_usart.o(i.USART_StructInit)
    WaveRecord_FreezeRecord                  0x0800fec5   Thumb Code    58  __waverecord.o(i.WaveRecord_FreezeRecord)
    WaveRecord_GetRecord                     0x0800ff0d   Thumb Code    28  __waverecord.o(i.WaveRecord_GetRecord)
    WaveRecord_OnInit                        0x0800ff2d   Thumb Code    68  __waverecord.o(i.WaveRecord_OnInit)
    WaveRecord_OnRecord                      0x0800ff81   Thumb Code   124  __waverecord.o(i.WaveRecord_OnRecord)
    WaveRecord_OnTimer1000ms                 0x08010009   Thumb Code    32  __waverecord.o(i.WaveRecord_OnTimer1000ms)
    WaveRecord_ReadRecord                    0x08010031   Thumb Code    72  __waverecord.o(i.WaveRecord_ReadRecord)
    WaveRecord_StartRecord                   0x0801007d   Thumb Code    54  __waverecord.o(i.WaveRecord_StartRecord)
    WaveRecord_WriteRecord                   0x080100bd   Thumb Code    54  __waverecord.o(i.WaveRecord_WriteRecord)
    __ARM_fpclassify                         0x08010221   Thumb Code    40  fpclassify.o(i.__ARM_fpclassify)
    __kernel_poly                            0x08010249   Thumb Code   170  poly.o(i.__kernel_poly)
    __mathlib_dbl_underflow                  0x080102f5   Thumb Code    10  dunder.o(i.__mathlib_dbl_underflow)
    __scatterload_copy                       0x08010305   Thumb Code    14  handlers.o(i.__scatterload_copy)
    __scatterload_null                       0x08010313   Thumb Code     2  handlers.o(i.__scatterload_null)
    __scatterload_zeroinit                   0x08010315   Thumb Code    14  handlers.o(i.__scatterload_zeroinit)
    atan                                     0x08010325   Thumb Code   478  atan.o(i.atan)
    atan2                                    0x08010549   Thumb Code   346  atan2.o(i.atan2)
    main                                     0x080106c9   Thumb Code   154  stm32f103vc.o(i.main)
    c_wHZ12x12Bitmap                         0x0801077c   Data       110448  __hz12x12.o(.constdata)
    c_wAscii6Bitmap                          0x0802b6ec   Data         570  __lcd.o(.constdata)
    c_timeInit                               0x0802b926   Data          14  __time.o(.constdata)
    c_wTableCRC                              0x0802b934   Data         512  __tool.o(.constdata)
    c_wTableSQRT                             0x0802bb34   Data         386  __tool.o(.constdata)
    c_szMultiLanguage                        0x0802bcb6   Data          16  myhmidmr.o(.constdata)
    c_szProtectTOG                           0x0802bcc6   Data           8  myhmidmr.o(.constdata)
    g_Ref                                    0x0802bcd0   Data          24  _myappnps7510.o(.constdata)
    c_lKI                                    0x0802bce8   Data           4  _myappnps7510.o(.constdata)
    c_lKU                                    0x0802bcec   Data           4  _myappnps7510.o(.constdata)
    c_szSCIBaudRate                          0x0802bcf0   Data          18  _myhminps7510.o(.constdata)
    c_protectActInfo                         0x0802bd04   Data          72  protect.o(.constdata)
    c_setpointiBCU                           0x0802bd4c   Data          24  protect.o(.constdata)
    __mathlib_zero                           0x0802be00   Data           8  qnan.o(.constdata)
    Region$$Table$$Base                      0x0802be98   Number         0  anon$$obj.o(Region$$Table)
    Region$$Table$$Limit                     0x0802beb8   Number         0  anon$$obj.o(Region$$Table)
    SystemCoreClock                          0x20000014   Data           4  system_stm32f10x.o(.data)
    AHBPrescTable                            0x20000018   Data          16  system_stm32f10x.o(.data)
    g_dwFsam                                 0x2000003c   Data           4  stm32f103vc.o(.data)
    g_dwSysTimerUs                           0x20000040   Data           4  stm32f103vc.o(.data)
    g_wCountAD                               0x20000044   Data           2  stm32f103vc.o(.data)
    g_pCRCInfo                               0x20000048   Data           4  stm32f103vc.o(.data)
    s_wTask1ms                               0x2000004c   Data           2  stm32f103vc.o(.data)
    ADC1_ConvertedValue                      0x2000004e   Data          12  stm32f103vc.o(.data)
    g_bAddFilter                             0x2000005c   Data           4  __data.o(.data)
    g_IsSetTime                              0x20000060   Data           4  __edit.o(.data)
    g_wEventTableCountNew                    0x2000006c   Data           2  __event.o(.data)
    g_wLCDColor                              0x20000084   Data           2  __lcd.o(.data)
    g_wLCDColorBK                            0x20000086   Data           2  __lcd.o(.data)
    g_bLCDSetDataXor                         0x20000088   Data           4  __lcd.o(.data)
    g_bLCDLargeFont                          0x2000008c   Data           4  __lcd.o(.data)
    g_bLCDFormatRealFillBlank                0x20000090   Data           4  __lcd.o(.data)
    g_wLCDTextAlignMode                      0x20000094   Data           2  __lcd.o(.data)
    g_bLCDCursorON                           0x20000098   Data           4  __lcd.o(.data)
    g_wLCDCursorPosX                         0x2000009c   Data           2  __lcd.o(.data)
    g_wLCDCursorPosY                         0x2000009e   Data           2  __lcd.o(.data)
    g_wLCDCursorWidth                        0x200000a0   Data           2  __lcd.o(.data)
    g_wLCDCursorHeight                       0x200000a2   Data           2  __lcd.o(.data)
    g_wLCDAutoPosX                           0x200000a4   Data           2  __lcd.o(.data)
    g_wLCDAutoPosY                           0x200000a6   Data           2  __lcd.o(.data)
    g_wLCDAutoEnter                          0x200000a8   Data           2  __lcd.o(.data)
    g_bLCDOpened                             0x200000ac   Data           4  __lcdmem.o(.data)
    g_bLCDRefresh                            0x200000b0   Data           4  __lcdmem.o(.data)
    g_wLCDRefreshAddrMin                     0x200000b4   Data           4  __lcdmem.o(.data)
    g_wLCDRefreshAddrMax                     0x200000b8   Data           4  __lcdmem.o(.data)
    g_wErrorAD                               0x200000be   Data           2  __measure.o(.data)
    g_nPa                                    0x200000c8   Data           2  __pqphqh.o(.data)
    g_nPb                                    0x200000ca   Data           2  __pqphqh.o(.data)
    g_nPc                                    0x200000cc   Data           2  __pqphqh.o(.data)
    g_nQa                                    0x200000ce   Data           2  __pqphqh.o(.data)
    g_nQb                                    0x200000d0   Data           2  __pqphqh.o(.data)
    g_nQc                                    0x200000d2   Data           2  __pqphqh.o(.data)
    g_nPFa                                   0x200000d4   Data           2  __pqphqh.o(.data)
    g_nPFb                                   0x200000d6   Data           2  __pqphqh.o(.data)
    g_nPFc                                   0x200000d8   Data           2  __pqphqh.o(.data)
    g_nPabc                                  0x200000da   Data           2  __pqphqh.o(.data)
    g_nQabc                                  0x200000dc   Data           2  __pqphqh.o(.data)
    g_nPFabc                                 0x200000de   Data           2  __pqphqh.o(.data)
    g_dwPhImpW10ms                           0x200000e0   Data           4  __pqphqh.o(.data)
    g_dwQhImpW10ms                           0x200000e4   Data           4  __pqphqh.o(.data)
    g_dwPhExpW10ms                           0x200000e8   Data           4  __pqphqh.o(.data)
    g_dwQhExpW10ms                           0x200000ec   Data           4  __pqphqh.o(.data)
    g_wStatusNew                             0x200000f0   Data           8  __switch.o(.data)
    g_wStatusNewExt1                         0x200000f8   Data           8  __switch.o(.data)
    g_wStatusNewExt2                         0x20000100   Data           8  __switch.o(.data)
    g_wSwitchStatus1                         0x20000108   Data           2  __switch.o(.data)
    g_wSwitchStatus2                         0x2000010a   Data           2  __switch.o(.data)
    g_dwChangtoON1                           0x2000010c   Data           4  __switch.o(.data)
    g_dwChangtoON2                           0x20000110   Data           4  __switch.o(.data)
    g_wStatusOld                             0x20000114   Data           8  __switch.o(.data)
    g_wCountAck                              0x2000011c   Data           8  __switch.o(.data)
    g_wCountStatus0                          0x20000124   Data           8  __switch.o(.data)
    g_wCountStatus1                          0x2000012c   Data           8  __switch.o(.data)
    g_wWRCountNew                            0x20000138   Data           2  __waverecord.o(.data)
    g_wWRCountOld                            0x2000013a   Data           2  __waverecord.o(.data)
    g_bDisplayEvent                          0x2000013c   Data           4  mymenu.o(.data)
    g_bRefreshEdit                           0x20000140   Data           4  mymenu.o(.data)
    g_wMenuModeOld                           0x20000144   Data           2  mymenu.o(.data)
    g_wMenuMainCurSelOld                     0x20000146   Data           2  mymenu.o(.data)
    g_wMenuSubCurSelOld                      0x20000148   Data           2  mymenu.o(.data)
    g_wPageCurSelOld                         0x2000014a   Data           2  mymenu.o(.data)
    g_wMenuMode                              0x2000014e   Data           2  mymenu.o(.data)
    g_wMenuMainCurTop                        0x20000150   Data           2  mymenu.o(.data)
    g_wMenuMainCurSel                        0x20000152   Data           2  mymenu.o(.data)
    g_wMenuMainLineMax                       0x20000154   Data           2  mymenu.o(.data)
    g_wMenuSubCurTop                         0x20000156   Data           2  mymenu.o(.data)
    g_wMenuSubCurSel                         0x20000158   Data           2  mymenu.o(.data)
    g_wMenuSubLineMax                        0x2000015a   Data           2  mymenu.o(.data)
    g_wPageCount                             0x2000015c   Data           2  mymenu.o(.data)
    g_wPageCurSel                            0x2000015e   Data           2  mymenu.o(.data)
    g_bPageLargeFont                         0x20000160   Data           4  mymenu.o(.data)
    g_bPageHead                              0x20000164   Data           4  mymenu.o(.data)
    g_bScroll                                0x20000168   Data           4  mymenu.o(.data)
    g_bPageCaptureKeyCancel                  0x2000016c   Data           4  mymenu.o(.data)
    g_wInputPassword                         0x20000170   Data           2  mymenu.o(.data)
    g_wInputPasswordMode                     0x20000172   Data           2  mymenu.o(.data)
    g_wCountCloseLCD                         0x20000174   Data           2  mymenu.o(.data)
    g_wMenuMainPosX                          0x20000176   Data           2  mymenu.o(.data)
    g_wMenuMainPosY                          0x20000178   Data           2  mymenu.o(.data)
    g_wMenuMainCX                            0x2000017a   Data           2  mymenu.o(.data)
    g_wMenuMainCY                            0x2000017c   Data           2  mymenu.o(.data)
    g_bMenuMainLargeFont                     0x20000180   Data           4  mymenu.o(.data)
    g_wMenuSubPosX                           0x20000184   Data           2  mymenu.o(.data)
    g_wMenuSubPosY                           0x20000186   Data           2  mymenu.o(.data)
    g_wMenuSubCX                             0x20000188   Data           2  mymenu.o(.data)
    g_wMenuSubCY                             0x2000018a   Data           2  mymenu.o(.data)
    g_bMenuSubLargeFont                      0x2000018c   Data           4  mymenu.o(.data)
    g_wPageLines                             0x20000190   Data           2  mypage.o(.data)
    g_wPageLineNum                           0x20000192   Data           2  mypage.o(.data)
    g_wPageOffsetY                           0x20000194   Data           2  mypage.o(.data)
    g_pRcvPointer                            0x20000198   Data           4  myprotocol.o(.data)
    g_pRcvEndPointer                         0x2000019c   Data           4  myprotocol.o(.data)
    g_pSndPointer                            0x200001a0   Data           4  myprotocol.o(.data)
    g_pSndEndPointer                         0x200001a4   Data           4  myprotocol.o(.data)
    g_wModAddr                               0x200001a8   Data           2  myprotocol.o(.data)
    g_wCommStatus                            0x200001aa   Data           2  myprotocol.o(.data)
    g_wCountTimeout                          0x200001ac   Data           2  myprotocol.o(.data)
    g_wCRCCal                                0x200001ae   Data           2  myprotocol.o(.data)
    g_bProtectAct                            0x200001b0   Data           4  __protect.o(.data)
    g_wProtectActIN                          0x200001b4   Data           8  __protect.o(.data)
    g_dwProtectActed                         0x200001bc   Data           4  __protect.o(.data)
    g_wProtectActedIN                        0x200001c0   Data           2  __protect.o(.data)
    g_wProtectCloseFlag                      0x200001c2   Data           2  __protect.o(.data)
    g_wProtectOpenFlag                       0x200001c4   Data           2  __protect.o(.data)
    g_wSetpointAreaFlag                      0x200001c6   Data           2  __protect.o(.data)
    g_wFreqIndexOld                          0x200001c8   Data           2  myapp.o(.data)
    g_wCountAllOld                           0x200001da   Data           2  myapp.o(.data)
    g_bDInfoChanged                          0x200001dc   Data           4  myapp.o(.data)
    g_wFreq                                  0x200001e0   Data           2  myapp.o(.data)
    g_wCountEventText                        0x200001e2   Data           2  myhmidmr.o(.data)
    g_wPGP_LINEY                             0x200001e4   Data           2  mypg_protect.o(.data)
    g_wPGP_LINENUM                           0x200001e6   Data           2  mypg_protect.o(.data)
    g_wPGP_LINEOFFSET                        0x200001e8   Data           2  mypg_protect.o(.data)
    g_wPGP_LINECFGX1                         0x200001ea   Data           2  mypg_protect.o(.data)
    g_wPGP_LINECFGX2                         0x200001ec   Data           2  mypg_protect.o(.data)
    g_wPGP_LINESETX1                         0x200001ee   Data           2  mypg_protect.o(.data)
    g_wPGP_LINESETX2                         0x200001f0   Data           2  mypg_protect.o(.data)
    g_wPGP_LINESETX3                         0x200001f2   Data           2  mypg_protect.o(.data)
    g_wPGP_FONTWIDTH                         0x200001f4   Data           2  mypg_protect.o(.data)
    g_nOffset                                0x200001f6   Data           2  mypg_protect.o(.data)
    g_wCountLine                             0x200001f8   Data           2  mypg_protect.o(.data)
    g_bDisplaySetpoint                       0x200001fc   Data           4  mypg_protect.o(.data)
    g_pDeviceParam                           0x20000218   Data           4  _myappnps7510.o(.data)
    g_pszInName                              0x2000021c   Data          16  _myhminps7510.o(.data)
    g_pszDoName                              0x2000022c   Data           8  _myhminps7510.o(.data)
    g_wHWOld                                 0x2000023c   Data           2  protect.o(.data)
    g_pDeviceSetpoint                        0x20000240   Data           4  protect.o(.data)
    g_eventTable                             0x20000784   Data        2002  __event.o(.bss)
    g_analogWave                             0x20001bd8   Data         576  __measure.o(.bss)
    g_regulateSet                            0x20001e18   Data          24  __measure.o(.bss)
    g_dftDataSet                             0x20001e54   Data          36  __measure.o(.bss)
    g_deviceTime                             0x20001ea8   Data          14  __time.o(.bss)
    g_wWRData                                0x20006e4e   Data          14  __waverecord.o(.bss)
    g_CommBuffer                             0x20006e5c   Data         256  myprotocol.o(.bss)
    g_deviceSetpoint                         0x20006f5c   Data          96  __protect.o(.bss)
    g_wProtectAct                            0x20006fbc   Data          12  __protect.o(.bss)
    g_deviceInfo                             0x20006fc8   Data          46  myapp.o(.bss)
    g_deviceParam                            0x20006ff6   Data          64  myapp.o(.bss)
    g_relayKH                                0x20007036   Data          24  myapp.o(.bss)
    g_devicesetParam                         0x20007050   Data          20  myapp.o(.bss)
    g_devicesetRegulate                      0x20007064   Data          20  myapp.o(.bss)
    g_devicesetSetpoint                      0x20007078   Data          20  myapp.o(.bss)
    g_lightRun                               0x2000708c   Data          12  myhmidmr.o(.bss)
    g_lightErrored                           0x20007098   Data          12  myhmidmr.o(.bss)
    g_lightAlarmed                           0x200070a4   Data          12  myhmidmr.o(.bss)
    g_lightTripped                           0x200070b0   Data          12  myhmidmr.o(.bss)
    g_szEventText                            0x200070bc   Data          41  myhmidmr.o(.bss)
    g_pPGWRData                              0x200070e8   Data          32  mypg_waverecord.o(.bss)
    g_analogData                             0x20007fb0   Data          46  _myappnps7510.o(.bss)
    g_analogDataExt                          0x20007fe0   Data          32  _myappnps7510.o(.bss)
    g_dataIa                                 0x20008000   Data          60  _myappnps7510.o(.bss)
    g_dataIb                                 0x2000803c   Data          60  _myappnps7510.o(.bss)
    g_dataIc                                 0x20008078   Data          60  _myappnps7510.o(.bss)
    g_dataUa                                 0x200080b4   Data          60  _myappnps7510.o(.bss)
    g_dataUb                                 0x200080f0   Data          60  _myappnps7510.o(.bss)
    g_dataUc                                 0x2000812c   Data          60  _myappnps7510.o(.bss)
    g_dataUab                                0x20008168   Data          60  _myappnps7510.o(.bss)
    g_dataUbc                                0x200081a4   Data          60  _myappnps7510.o(.bss)
    g_dataUca                                0x200081e0   Data          60  _myappnps7510.o(.bss)
    g_dataF                                  0x2000821c   Data          60  _myappnps7510.o(.bss)
    g_dataP                                  0x20008258   Data          60  _myappnps7510.o(.bss)
    g_dataQ                                  0x20008294   Data          60  _myappnps7510.o(.bss)
    g_dataS                                  0x200082d0   Data          60  _myappnps7510.o(.bss)
    g_dataPF                                 0x2000830c   Data          60  _myappnps7510.o(.bss)
    s_alarmgroupPT                           0x20008348   Data          36  _myappnps7510.o(.bss)
    s_alarmKM                                0x2000836c   Data          12  _myappnps7510.o(.bss)
    g_lightOpened                            0x20008378   Data          12  _myhminps7510.o(.bss)
    g_lightClosed                            0x20008384   Data          12  _myhminps7510.o(.bss)
    __initial_sp                             0x20008790   Data           0  startup_stm32f10x_hd.o(STACK)



==============================================================================

Memory Map of the image

  Image Entry point : 0x08003151

  Load Region LR_IROM1 (Base: 0x08003000, Size: 0x0002911c, Max: 0x0003d000, ABSOLUTE, COMPRESSED[0x00028f04])

    Execution Region ER_IROM1 (Base: 0x08003000, Size: 0x00028eb8, Max: 0x0003d000, ABSOLUTE)

    Base Addr    Size         Type   Attr      Idx    E Section Name        Object

    0x08003000   0x00000150   Data   RO            3    RESET               startup_stm32f10x_hd.o
    0x08003150   0x00000000   Code   RO         6759  * .ARM.Collect$$$$00000000  mc_w.l(entry.o)
    0x08003150   0x00000004   Code   RO         6789    .ARM.Collect$$$$00000001  mc_w.l(entry2.o)
    0x08003154   0x00000004   Code   RO         6792    .ARM.Collect$$$$00000004  mc_w.l(entry5.o)
    0x08003158   0x00000000   Code   RO         6794    .ARM.Collect$$$$00000008  mc_w.l(entry7b.o)
    0x08003158   0x00000000   Code   RO         6796    .ARM.Collect$$$$0000000A  mc_w.l(entry8b.o)
    0x08003158   0x00000008   Code   RO         6797    .ARM.Collect$$$$0000000B  mc_w.l(entry9a.o)
    0x08003160   0x00000000   Code   RO         6799    .ARM.Collect$$$$0000000D  mc_w.l(entry10a.o)
    0x08003160   0x00000000   Code   RO         6801    .ARM.Collect$$$$0000000F  mc_w.l(entry11a.o)
    0x08003160   0x00000004   Code   RO         6790    .ARM.Collect$$$$00002712  mc_w.l(entry2.o)
    0x08003164   0x00000024   Code   RO            4    .text               startup_stm32f10x_hd.o
    0x08003188   0x00000024   Code   RO         6762    .text               mc_w.l(memcpya.o)
    0x080031ac   0x000000b0   Code   RO         6766    .text               mf_w.l(fadd.o)
    0x0800325c   0x0000006c   Code   RO         6768    .text               mf_w.l(fmul.o)
    0x080032c8   0x00000022   Code   RO         6770    .text               mf_w.l(dflti.o)
    0x080032ea   0x00000032   Code   RO         6772    .text               mf_w.l(ffixi.o)
    0x0800331c   0x00000038   Code   RO         6774    .text               mf_w.l(d2f.o)
    0x08003354   0x00000014   Code   RO         6776    .text               mf_w.l(cfrcmple.o)
    0x08003368   0x00000000   Code   RO         6810    .text               mc_w.l(iusefp.o)
    0x08003368   0x0000006c   Code   RO         6811    .text               mf_w.l(fepilogue.o)
    0x080033d4   0x000000be   Code   RO         6813    .text               mf_w.l(depilogue.o)
    0x08003492   0x0000014e   Code   RO         6815    .text               mf_w.l(dadd.o)
    0x080035e0   0x000000de   Code   RO         6817    .text               mf_w.l(ddiv.o)
    0x080036be   0x00000002   PAD
    0x080036c0   0x00000024   Code   RO         6825    .text               mc_w.l(init.o)
    0x080036e4   0x0000001e   Code   RO         6827    .text               mc_w.l(llshl.o)
    0x08003702   0x00000020   Code   RO         6829    .text               mc_w.l(llushr.o)
    0x08003722   0x00000024   Code   RO         6831    .text               mc_w.l(llsshr.o)
    0x08003746   0x000000e4   Code   RO         6833    .text               mf_w.l(dmul.o)
    0x0800382a   0x0000002e   Code   RO         6835    .text               mf_w.l(dscalb.o)
    0x08003858   0x0000005c   Code   RO         6845    .text               mc_w.l(__dczerorl2.o)
    0x080038b4   0x00000016   Code   RO          139    i.ADC_Cmd           stm32f10x_adc.o
    0x080038ca   0x00000016   Code   RO          140    i.ADC_DMACmd        stm32f10x_adc.o
    0x080038e0   0x00000014   Code   RO          147    i.ADC_GetCalibrationStatus  stm32f10x_adc.o
    0x080038f4   0x00000014   Code   RO          153    i.ADC_GetResetCalibrationStatus  stm32f10x_adc.o
    0x08003908   0x00000050   Code   RO          157    i.ADC_Init          stm32f10x_adc.o
    0x08003958   0x000000b8   Code   RO          161    i.ADC_RegularChannelConfig  stm32f10x_adc.o
    0x08003a10   0x0000000a   Code   RO          162    i.ADC_ResetCalibration  stm32f10x_adc.o
    0x08003a1a   0x00000016   Code   RO          164    i.ADC_SoftwareStartConvCmd  stm32f10x_adc.o
    0x08003a30   0x0000000a   Code   RO          166    i.ADC_StartCalibration  stm32f10x_adc.o
    0x08003a3a   0x00000002   PAD
    0x08003a3c   0x00000164   Code   RO         3072    i.AD_Config         stm32f103vc.o
    0x08003ba0   0x0000001c   Code   RO         3374    i.AlarmG_OnInit     __alarm.o
    0x08003bbc   0x0000001c   Code   RO         3375    i.AlarmG_OnReset    __alarm.o
    0x08003bd8   0x0000000a   Code   RO         3377    i.Alarm_OnInit      __alarm.o
    0x08003be2   0x0000000a   Code   RO         3378    i.Alarm_OnReset     __alarm.o
    0x08003bec   0x000000cc   Code   RO         5919    i.AutoDataOut       mypagenps7510.o
    0x08003cb8   0x00000014   Code   RO         6470    i.Bcd_convert_Hex   rtc_rx8025.o
    0x08003ccc   0x00000030   Code   RO         6714    i.COMM_HardWareInit  stm32_sci.o
    0x08003cfc   0x00000030   Code   RO         6715    i.COMM_OnInit       stm32_sci.o
    0x08003d2c   0x00000108   Code   RO         6716    i.COMM_OnPolling    stm32_sci.o
    0x08003e34   0x00000008   Code   RO         6717    i.COMM_OnTimer10ms  stm32_sci.o
    0x08003e3c   0x0000002c   Code   RO         4662    i.CalculateCRCByte  __tool.o
    0x08003e68   0x0000003c   Code   RO         4663    i.CalculateCRCWord  __tool.o
    0x08003ea4   0x00000014   Code   RO         4664    i.CopyCharToWSZ     __tool.o
    0x08003eb8   0x000000d4   Code   RO         3588    i.DFT_CalculateDFT1R  __dft.o
    0x08003f8c   0x000000d4   Code   RO         3589    i.DFT_CalculateDFT1X  __dft.o
    0x08004060   0x000000b8   Code   RO         3073    i.DMA1_Channel1_IRQHandler  stm32f103vc.o
    0x08004118   0x0000001c   Code   RO          793    i.DMA_ClearITPendingBit  stm32f10x_dma.o
    0x08004134   0x00000018   Code   RO          794    i.DMA_Cmd           stm32f10x_dma.o
    0x0800414c   0x0000014c   Code   RO          795    i.DMA_DeInit        stm32f10x_dma.o
    0x08004298   0x0000002c   Code   RO          798    i.DMA_GetITStatus   stm32f10x_dma.o
    0x080042c4   0x00000012   Code   RO          799    i.DMA_ITConfig      stm32f10x_dma.o
    0x080042d6   0x0000003c   Code   RO          800    i.DMA_Init          stm32f10x_dma.o
    0x08004312   0x00000020   Code   RO         5816    i.DataConver        _myhminps7510.o
    0x08004332   0x0000002e   Code   RO         3441    i.Data_GetDataPrimary  __data.o
    0x08004360   0x0000002e   Code   RO         3442    i.Data_GetDataSecondary  __data.o
    0x0800438e   0x00000002   PAD
    0x08004390   0x000000a0   Code   RO         3443    i.Data_GetUnitageText  __data.o
    0x08004430   0x00000040   Code   RO         3446    i.Data_OnInit       __data.o
    0x08004470   0x0000003c   Code   RO         3447    i.Data_RefreshData  __data.o
    0x080044ac   0x00000020   Code   RO         3448    i.Data_SetData1     __data.o
    0x080044cc   0x00000024   Code   RO         3449    i.Data_SetData2     __data.o
    0x080044f0   0x00000018   Code   RO         3450    i.Data_SetData3     __data.o
    0x08004508   0x00000150   Code   RO         3451    i.Data_SetMetrics   __data.o
    0x08004658   0x0000001c   Code   RO         3074    i.DelayOnce         stm32f103vc.o
    0x08004674   0x00000064   Code   RO         3546    i.DeviceSet_CheckDeviceSet  __devset.o
    0x080046d8   0x0000001c   Code   RO         3547    i.DeviceSet_InitDeviceSet  __devset.o
    0x080046f4   0x00000034   Code   RO         3548    i.DeviceSet_OnUpdateDevice  __devset.o
    0x08004728   0x00000048   Code   RO         3549    i.DeviceSet_ReadDeviceSet  __devset.o
    0x08004770   0x0000000e   Code   RO         3550    i.DeviceSet_SetDeviceSet  __devset.o
    0x0800477e   0x00000030   Code   RO         3551    i.DeviceSet_UpdateDeviceSet  __devset.o
    0x080047ae   0x000000fc   Code   RO         4804    i.DrawScroll        mymenu.o
    0x080048aa   0x00000060   Code   RO         6381    i.EEPROM_ReadBlock  areeprom_fm24clxx.o
    0x0800490a   0x0000002a   Code   RO         6384    i.EEPROM_ReadDataWord  areeprom_fm24clxx.o
    0x08004934   0x00000058   Code   RO         6385    i.EEPROM_WriteBlock  areeprom_fm24clxx.o
    0x0800498c   0x0000002a   Code   RO         6387    i.EEPROM_WriteDataWord  areeprom_fm24clxx.o
    0x080049b6   0x00000002   PAD
    0x080049b8   0x0000004c   Code   RO         3606    i.EditData_Display  __edit.o
    0x08004a04   0x00000034   Code   RO         3607    i.EditData_EditDataToRuntimeData  __edit.o
    0x08004a38   0x00000012   Code   RO         3608    i.EditData_EnterEditing  __edit.o
    0x08004a4a   0x00000014   Code   RO         3609    i.EditData_GetCountChar  __edit.o
    0x08004a5e   0x00000002   PAD
    0x08004a60   0x00000074   Code   RO         3610    i.EditData_OnCreate  __edit.o
    0x08004ad4   0x00000148   Code   RO         3611    i.EditData_OnKeyMsg  __edit.o
    0x08004c1c   0x0000002e   Code   RO         3612    i.EditData_RefreshShining  __edit.o
    0x08004c4a   0x00000024   Code   RO         3613    i.EditData_RuntimeDataToEditData  __edit.o
    0x08004c6e   0x0000008c   Code   RO         3614    i.EditEnumHZ_OnKeyMsg  __edit.o
    0x08004cfa   0x00000002   PAD
    0x08004cfc   0x00000054   Code   RO         3615    i.EditEnumHz_Display  __edit.o
    0x08004d50   0x0000000e   Code   RO         3616    i.EditEnumHz_EnterEditing  __edit.o
    0x08004d5e   0x0000001c   Code   RO         3617    i.EditEnumHz_RefreshShining  __edit.o
    0x08004d7a   0x00000002   PAD
    0x08004d7c   0x00000074   Code   RO         3618    i.EditEnumHz_RefreshShining1  __edit.o
    0x08004df0   0x00000054   Code   RO         3619    i.EditEnum_Display  __edit.o
    0x08004e44   0x0000000e   Code   RO         3620    i.EditEnum_EnterEditing  __edit.o
    0x08004e52   0x00000006   Code   RO         3621    i.EditEnum_GetCountChar  __edit.o
    0x08004e58   0x00000048   Code   RO         3622    i.EditEnum_OnCreate  __edit.o
    0x08004ea0   0x0000008c   Code   RO         3623    i.EditEnum_OnKeyMsg  __edit.o
    0x08004f2c   0x0000001c   Code   RO         3624    i.EditEnum_RefreshShining  __edit.o
    0x08004f48   0x000000a4   Code   RO         3625    i.EditG_AddEdit     __edit.o
    0x08004fec   0x00000024   Code   RO         3626    i.EditG_AddEditDataDWord  __edit.o
    0x08005010   0x00000024   Code   RO         3627    i.EditG_AddEditDataWord  __edit.o
    0x08005034   0x00000024   Code   RO         3629    i.EditG_AddEditEnumMul  __edit.o
    0x08005058   0x0000009e   Code   RO         3630    i.EditG_EditCursorON  __edit.o
    0x080050f6   0x00000002   PAD
    0x080050f8   0x00000044   Code   RO         3631    i.EditG_EnableEdit  __edit.o
    0x0800513c   0x00000030   Code   RO         3632    i.EditG_GetEditDataCurSel  __edit.o
    0x0800516c   0x00000028   Code   RO         3633    i.EditG_GetEditEnumCurSel  __edit.o
    0x08005194   0x00000028   Code   RO         3634    i.EditG_GetEditEnumHzCurSel  __edit.o
    0x080051bc   0x0000001c   Code   RO         3635    i.EditG_OnInit      __edit.o
    0x080051d8   0x0000014c   Code   RO         3636    i.EditG_OnKeyMsg    __edit.o
    0x08005324   0x00000084   Code   RO         3637    i.EditG_OnRefreshPage  __edit.o
    0x080053a8   0x00000040   Code   RO         3638    i.EditG_OnTimer250ms  __edit.o
    0x080053e8   0x00000048   Code   RO         3639    i.EditG_SetEditDataMetricsInteger  __edit.o
    0x08005430   0x00000020   Code   RO         3640    i.EditG_SetEditDataMetricsReal  __edit.o
    0x08005450   0x0000003c   Code   RO         3642    i.EditG_SetEditEnumMetricsMul  __edit.o
    0x0800548c   0x00000028   Code   RO         3643    i.EditG_SetEditEnumMetricsTog  __edit.o
    0x080054b4   0x00000034   Code   RO         3644    i.Edit_OnCreate     __edit.o
    0x080054e8   0x00000074   Code   RO         3645    i.Edit_RefreshShining  __edit.o
    0x0800555c   0x000000d0   Code   RO         3859    i.Event_AddEvent    __event.o
    0x0800562c   0x0000001c   Code   RO         3860    i.Event_GetEvent    __event.o
    0x08005648   0x00000060   Code   RO         3861    i.Event_OnInit      __event.o
    0x080056a8   0x0000001c   Code   RO         3862    i.Event_OnInitDevice  __event.o
    0x080056c4   0x00000044   Code   RO         3863    i.Event_OnTimer1000ms  __event.o
    0x08005708   0x0000001c   Code   RO         3864    i.Event_ReadEventTable  __event.o
    0x08005724   0x0000001c   Code   RO         3865    i.Event_WriteEventTable  __event.o
    0x08005740   0x0000003a   Code   RO         3452    i.Filter_AddData    __data.o
    0x0800577a   0x0000003c   Code   RO         3453    i.Filter_GetData    __data.o
    0x080057b6   0x00000014   Code   RO         3454    i.Filter_OnInit     __data.o
    0x080057ca   0x00000002   PAD
    0x080057cc   0x00000044   Code   RO         6194    i.Flash_Auto_Add_IncA  sst25vf016b.o
    0x08005810   0x0000002c   Code   RO         6195    i.Flash_Auto_Add_IncB  sst25vf016b.o
    0x0800583c   0x0000001c   Code   RO         6200    i.Flash_EWSR        sst25vf016b.o
    0x08005858   0x0000007c   Code   RO         6201    i.Flash_EraseBlock  sst25vf016b.o
    0x080058d4   0x0000003c   Code   RO         6202    i.Flash_Get_Byte    sst25vf016b.o
    0x08005910   0x0000000c   Code   RO         6207    i.Flash_OnInit      sst25vf016b.o
    0x0800591c   0x00000060   Code   RO         6209    i.Flash_ReadBlock   sst25vf016b.o
    0x0800597c   0x00000068   Code   RO         6211    i.Flash_Read_Cont   sst25vf016b.o
    0x080059e4   0x00000028   Code   RO         6213    i.Flash_Read_Status_Register  sst25vf016b.o
    0x08005a0c   0x00000034   Code   RO         6214    i.Flash_Sector_Erase  sst25vf016b.o
    0x08005a40   0x00000040   Code   RO         6215    i.Flash_Send_Byte   sst25vf016b.o
    0x08005a80   0x0000001c   Code   RO         6216    i.Flash_WRDI        sst25vf016b.o
    0x08005a9c   0x0000001c   Code   RO         6217    i.Flash_WREN        sst25vf016b.o
    0x08005ab8   0x00000024   Code   RO         6218    i.Flash_WRSR        sst25vf016b.o
    0x08005adc   0x0000002c   Code   RO         6219    i.Flash_Wait_Busy   sst25vf016b.o
    0x08005b08   0x0000002a   Code   RO         6220    i.Flash_Wait_Busy_AAI  sst25vf016b.o
    0x08005b32   0x00000062   Code   RO         6221    i.Flash_WriteBlock  sst25vf016b.o
    0x08005b94   0x0000001a   Code   RO         6222    i.Flash_iiiReadDataWord  sst25vf016b.o
    0x08005bae   0x00000074   Code   RO         6223    i.Flash_iiiWriteDataWord  sst25vf016b.o
    0x08005c22   0x00000002   PAD
    0x08005c24   0x00000060   Code   RO         3292    i.FlushRelays       hdifnps7510.o
    0x08005c84   0x00000112   Code   RO         1218    i.GPIO_Init         stm32f10x_gpio.o
    0x08005d96   0x00000002   PAD
    0x08005d98   0x000001b4   Code   RO         3293    i.GPIO_OnInit       hdifnps7510.o
    0x08005f4c   0x0000001c   Code   RO         4665    i.GetAddSum         __tool.o
    0x08005f68   0x00000030   Code   RO         6718    i.GetBaudrate       stm32_sci.o
    0x08005f98   0x00000078   Code   RO         5194    i.GetFreqIndex      myapp.o
    0x08006010   0x00000080   Code   RO         3914    i.GetHZ12x12Bitmap  __hz12x12.o
    0x08006090   0x00000002   Code   RO         3929    i.GetHZ16x16Bitmap  __hz16x16.o
    0x08006092   0x00000012   Code   RO         4666    i.GetMax            __tool.o
    0x080060a4   0x00000012   Code   RO         4667    i.GetMin            __tool.o
    0x080060b6   0x00000002   PAD
    0x080060b8   0x00000010   Code   RO         6512    i.GetSDAStatus      stm32_i2csim1.o
    0x080060c8   0x00000010   Code   RO         6613    i.GetSDAStatus      stm32_i2csim2.o
    0x080060d8   0x00000070   Code   RO         4668    i.GetSqrt           __tool.o
    0x08006148   0x00000014   Code   RO         4669    i.GetSqrtX          __tool.o
    0x0800615c   0x00000014   Code   RO         4670    i.GetStringLength   __tool.o
    0x08006170   0x00000028   Code   RO         6471    i.Hex_convert_Bcd   rtc_rx8025.o
    0x08006198   0x0000006e   Code   RO         6515    i.I2C1ReadDataWord  stm32_i2csim1.o
    0x08006206   0x00000050   Code   RO         6517    i.I2C1WriteDataWord  stm32_i2csim1.o
    0x08006256   0x00000060   Code   RO         6615    i.I2C2ReadDataByte  stm32_i2csim2.o
    0x080062b6   0x00000048   Code   RO         6617    i.I2C2WriteDataByte  stm32_i2csim2.o
    0x080062fe   0x00000016   Code   RO         6073    i.IPtoRun           protect.o
    0x08006314   0x00000010   Code   RO         1524    i.IWDG_Enable       stm32f10x_iwdg.o
    0x08006324   0x00000010   Code   RO         1526    i.IWDG_ReloadCounter  stm32f10x_iwdg.o
    0x08006334   0x0000000c   Code   RO         1527    i.IWDG_SetPrescaler  stm32f10x_iwdg.o
    0x08006340   0x0000000c   Code   RO         1528    i.IWDG_SetReload    stm32f10x_iwdg.o
    0x0800634c   0x0000000c   Code   RO         1529    i.IWDG_WriteAccessCmd  stm32f10x_iwdg.o
    0x08006358   0x00000028   Code   RO         3941    i.Key_AddKeyQueue   __key.o
    0x08006380   0x00000024   Code   RO         3942    i.Key_GetKeyQueue   __key.o
    0x080063a4   0x00000044   Code   RO         3943    i.Key_OnInit        __key.o
    0x080063e8   0x000000cc   Code   RO         3944    i.Key_OnTimer10ms   __key.o
    0x080064b4   0x0000000c   Code   RO         3945    i.Key_SetKeyHardCode  __key.o
    0x080064c0   0x0000000c   Code   RO         3946    i.Key_SetKeyRepeatCode  __key.o
    0x080064cc   0x00000128   Code   RO         3294    i.LCDWrite          hdifnps7510.o
    0x080065f4   0x000000e0   Code   RO         3985    i.LCD_AsciiOut      __lcd.o
    0x080066d4   0x0000002c   Code   RO         3986    i.LCD_AsciiOutW     __lcd.o
    0x08006700   0x00000030   Code   RO         3987    i.LCD_AutoAsciiOut  __lcd.o
    0x08006730   0x00000030   Code   RO         3988    i.LCD_AutoAsciiOutW  __lcd.o
    0x08006760   0x0000001c   Code   RO         3990    i.LCD_AutoOutALM_OK  __lcd.o
    0x0800677c   0x0000001c   Code   RO         3991    i.LCD_AutoOutERR_OK  __lcd.o
    0x08006798   0x00000034   Code   RO         3995    i.LCD_AutoRealOut   __lcd.o
    0x080067cc   0x00000030   Code   RO         3996    i.LCD_AutoTextOut   __lcd.o
    0x080067fc   0x0000005c   Code   RO         3999    i.LCD_ByteOut       __lcd.o
    0x08006858   0x00000060   Code   RO         4292    i.LCD_Clear         __lcdmem.o
    0x080068b8   0x00000036   Code   RO         4000    i.LCD_ClearBlock    __lcd.o
    0x080068ee   0x00000002   PAD
    0x080068f0   0x0000001c   Code   RO         4293    i.LCD_Close         __lcdmem.o
    0x0800690c   0x0000002c   Code   RO         4001    i.LCD_CursorOFF     __lcd.o
    0x08006938   0x00000028   Code   RO         4002    i.LCD_CursorON      __lcd.o
    0x08006960   0x0000008a   Code   RO         4003    i.LCD_DateOut       __lcd.o
    0x080069ea   0x00000034   Code   RO         4004    i.LCD_DrawBlock     __lcd.o
    0x08006a1e   0x00000002   PAD
    0x08006a20   0x00000040   Code   RO         4006    i.LCD_DrawCursor    __lcd.o
    0x08006a60   0x00000016   Code   RO         4007    i.LCD_DrawHLine     __lcd.o
    0x08006a76   0x000000da   Code   RO         4008    i.LCD_DrawHLineExt  __lcd.o
    0x08006b50   0x00000042   Code   RO         4009    i.LCD_DrawPoint     __lcd.o
    0x08006b92   0x0000003a   Code   RO         4010    i.LCD_DrawRect      __lcd.o
    0x08006bcc   0x00000016   Code   RO         4011    i.LCD_DrawVLine     __lcd.o
    0x08006be2   0x000000a8   Code   RO         4012    i.LCD_DrawVLineExt  __lcd.o
    0x08006c8a   0x000000b2   Code   RO         4013    i.LCD_DrawXLine     __lcd.o
    0x08006d3c   0x00000020   Code   RO         4014    i.LCD_EraseCursor   __lcd.o
    0x08006d5c   0x000001b4   Code   RO         6434    i.LCD_Flush         mylcd_uc1698u.o
    0x08006f10   0x0000022c   Code   RO         4015    i.LCD_FormatReal    __lcd.o
    0x0800713c   0x00000008   Code   RO         4294    i.LCD_GetLCDBuffer  __lcdmem.o
    0x08007144   0x00000098   Code   RO         4018    i.LCD_GetStringWidth  __lcd.o
    0x080071dc   0x00000012   Code   RO         6435    i.LCD_HWRest        mylcd_uc1698u.o
    0x080071ee   0x000000b8   Code   RO         4019    i.LCD_ImageOut      __lcd.o
    0x080072a6   0x0000000e   Code   RO         6436    i.LCD_LCDSndCommand  mylcd_uc1698u.o
    0x080072b4   0x0000000e   Code   RO         6437    i.LCD_LCDSndData    mylcd_uc1698u.o
    0x080072c2   0x00000002   PAD
    0x080072c4   0x00000090   Code   RO         4020    i.LCD_OnInitA       __lcd.o
    0x08007354   0x00000030   Code   RO         4295    i.LCD_OnInitMem     __lcdmem.o
    0x08007384   0x0000001c   Code   RO         4296    i.LCD_Open          __lcdmem.o
    0x080073a0   0x00000024   Code   RO         4021    i.LCD_RealOut       __lcd.o
    0x080073c4   0x0000000c   Code   RO         4023    i.LCD_SetColor      __lcd.o
    0x080073d0   0x0000000c   Code   RO         4024    i.LCD_SetColorBK    __lcd.o
    0x080073dc   0x00000014   Code   RO         4025    i.LCD_SetCursorPosX  __lcd.o
    0x080073f0   0x00000014   Code   RO         4026    i.LCD_SetCursorPosY  __lcd.o
    0x08007404   0x000000d0   Code   RO         4297    i.LCD_SetData       __lcdmem.o
    0x080074d4   0x0000000c   Code   RO         4027    i.LCD_SetLargeFont  __lcd.o
    0x080074e0   0x0000000c   Code   RO         4028    i.LCD_SetSmallFont  __lcd.o
    0x080074ec   0x0000000c   Code   RO         4029    i.LCD_SetTextAlignMode  __lcd.o
    0x080074f8   0x0000009a   Code   RO         6438    i.LCD_Setup         mylcd_uc1698u.o
    0x08007592   0x00000002   PAD
    0x08007594   0x00000184   Code   RO         4030    i.LCD_TextOut       __lcd.o
    0x08007718   0x000000c4   Code   RO         4032    i.LCD_TimeOut       __lcd.o
    0x080077dc   0x00000048   Code   RO         4401    i.Measure_CalculateDFT1  __measure.o
    0x08007824   0x000000c8   Code   RO         4404    i.Measure_DoRegulate  __measure.o
    0x080078ec   0x00000050   Code   RO         4405    i.Measure_GetAnalogWaveAvg  __measure.o
    0x0800793c   0x0000000c   Code   RO         4406    i.Measure_GetRegStatus  __measure.o
    0x08007948   0x0000005c   Code   RO         4407    i.Measure_OnInit    __measure.o
    0x080079a4   0x00000024   Code   RO         4408    i.Measure_OnInitParams  __measure.o
    0x080079c8   0x00000284   Code   RO         4409    i.Measure_OnRegulate  __measure.o
    0x08007c4c   0x000000c0   Code   RO         4410    i.Measure_OnTimer10ms  __measure.o
    0x08007d0c   0x00000034   Code   RO         4411    i.Measure_SetData   __measure.o
    0x08007d40   0x00000038   Code   RO         4412    i.Measure_StartReg  __measure.o
    0x08007d78   0x00000014   Code   RO         4671    i.MemoryClear       __tool.o
    0x08007d8c   0x00000090   Code   RO         4806    i.Menu_DispayEvent  mymenu.o
    0x08007e1c   0x000000e4   Code   RO         4807    i.Menu_DrawMenuMain  mymenu.o
    0x08007f00   0x0000027c   Code   RO         4808    i.Menu_DrawMenuSL   mymenu.o
    0x0800817c   0x00000104   Code   RO         4809    i.Menu_DrawMenuSub  mymenu.o
    0x08008280   0x000000ac   Code   RO         4810    i.Menu_DrawPasswordPrompt  mymenu.o
    0x0800832c   0x00000034   Code   RO         4811    i.Menu_DrawScrollMain  mymenu.o
    0x08008360   0x00000034   Code   RO         4812    i.Menu_DrawScrollSub  mymenu.o
    0x08008394   0x0000004c   Code   RO         4813    i.Menu_EnterSubMenuSetup  mymenu.o
    0x080083e0   0x00000018   Code   RO         4814    i.Menu_GetIndexMenuMain  mymenu.o
    0x080083f8   0x00000018   Code   RO         4815    i.Menu_GetIndexMenuSub  mymenu.o
    0x08008410   0x000000cc   Code   RO         5889    i.Menu_GetMenuItemMain  mymenunps7510.o
    0x080084dc   0x000000f8   Code   RO         5890    i.Menu_GetMenuItemSub  mymenunps7510.o
    0x080085d4   0x00000004   Code   RO         4816    i.Menu_GetMenuMainColor  mymenu.o
    0x080085d8   0x00000004   Code   RO         4817    i.Menu_GetMenuMainColorBK  mymenu.o
    0x080085dc   0x00000004   Code   RO         5891    i.Menu_GetMenuMainCount  mymenunps7510.o
    0x080085e0   0x00000004   Code   RO         4818    i.Menu_GetMenuPageColor  mymenu.o
    0x080085e4   0x00000004   Code   RO         4819    i.Menu_GetMenuPageColorBK  mymenu.o
    0x080085e8   0x00000004   Code   RO         4820    i.Menu_GetMenuPasswordColor  mymenu.o
    0x080085ec   0x00000004   Code   RO         4821    i.Menu_GetMenuSubColor  mymenu.o
    0x080085f0   0x00000004   Code   RO         4822    i.Menu_GetMenuSubColorBK  mymenu.o
    0x080085f4   0x00000028   Code   RO         5892    i.Menu_GetMenuSubCount  mymenunps7510.o
    0x0800861c   0x00000008   Code   RO         4823    i.Menu_MenuMainCursorOFF  mymenu.o
    0x08008624   0x0000006c   Code   RO         4824    i.Menu_MenuMainCursorON  mymenu.o
    0x08008690   0x00000008   Code   RO         4825    i.Menu_MenuSubCursorOFF  mymenu.o
    0x08008698   0x0000006c   Code   RO         4826    i.Menu_MenuSubCursorON  mymenu.o
    0x08008704   0x0000009c   Code   RO         4827    i.Menu_OnInit       mymenu.o
    0x080087a0   0x00000074   Code   RO         4828    i.Menu_OnKeyMsg     mymenu.o
    0x08008814   0x000001f8   Code   RO         4829    i.Menu_OnKeyMsgMenuMain  mymenu.o
    0x08008a0c   0x000001e0   Code   RO         4830    i.Menu_OnKeyMsgMenuSub  mymenu.o
    0x08008bec   0x00000180   Code   RO         4831    i.Menu_OnKeyMsgPage  mymenu.o
    0x08008d6c   0x0000011c   Code   RO         4832    i.Menu_OnRefreshPage  mymenu.o
    0x08008e88   0x000000cc   Code   RO         4833    i.Menu_OnTimer1000ms  mymenu.o
    0x08008f54   0x0000003c   Code   RO         4834    i.Menu_ReDrawAll    mymenu.o
    0x08008f90   0x00000078   Code   RO         5432    i.Menu_SetMenuMetrics  mymenu160x160.o
    0x08009008   0x0000002c   Code   RO         4835    i.Menu_SetPageCount  mymenu.o
    0x08009034   0x00000024   Code   RO         4836    i.Menu_SetPageCurSel  mymenu.o
    0x08009058   0x00000024   Code   RO         5195    i.MyApp_CheckAllDeviceSets  myapp.o
    0x0800907c   0x0000009c   Code   RO         5726    i.MyApp_GetAng      _myappnps7510.o
    0x08009118   0x00000064   Code   RO         5196    i.MyApp_GetCountAll  myapp.o
    0x0800917c   0x00000032   Code   RO         5727    i.MyApp_GetDataSecondary  _myappnps7510.o
    0x080091ae   0x00000002   PAD
    0x080091b0   0x00000024   Code   RO         5197    i.MyApp_InitAllDeviceSets  myapp.o
    0x080091d4   0x00000002   Code   RO         5729    i.MyApp_OnAlarmDetect  _myappnps7510.o
    0x080091d6   0x00000002   PAD
    0x080091d8   0x00000284   Code   RO         5730    i.MyApp_OnCalculateData  _myappnps7510.o
    0x0800945c   0x000000c8   Code   RO         5198    i.MyApp_OnInit      myapp.o
    0x08009524   0x00000008   Code   RO         5199    i.MyApp_OnInitDevice  myapp.o
    0x0800952c   0x0000005c   Code   RO         5200    i.MyApp_OnInitParams  myapp.o
    0x08009588   0x00000070   Code   RO         5731    i.MyApp_OnInitSubParam  _myappnps7510.o
    0x080095f8   0x000000b4   Code   RO         5732    i.MyApp_OnInitsub   _myappnps7510.o
    0x080096ac   0x00000304   Code   RO         5733    i.MyApp_OnRefreshData  _myappnps7510.o
    0x080099b0   0x0000003c   Code   RO         5201    i.MyApp_OnRelayOut  myapp.o
    0x080099ec   0x00000044   Code   RO         5202    i.MyApp_OnResetDevice  myapp.o
    0x08009a30   0x00000018   Code   RO         5734    i.MyApp_OnResetSubDevice  _myappnps7510.o
    0x08009a48   0x000001d0   Code   RO         5735    i.MyApp_OnSetDataMetrics  _myappnps7510.o
    0x08009c18   0x00000040   Code   RO         5203    i.MyApp_OnTimer1000ms  myapp.o
    0x08009c58   0x00000070   Code   RO         5204    i.MyApp_OnTimer10ms  myapp.o
    0x08009cc8   0x0000002c   Code   RO         5205    i.MyApp_OnTimer1ms  myapp.o
    0x08009cf4   0x00000190   Code   RO         5206    i.MyApp_OnTimerSample  myapp.o
    0x08009e84   0x00000030   Code   RO         5207    i.MyApp_OnUpdateAllDeviceSet  myapp.o
    0x08009eb4   0x00000034   Code   RO         5208    i.MyApp_OnUpdateDevice  myapp.o
    0x08009ee8   0x00000054   Code   RO         5736    i.MyApp_OnWaveRecord  _myappnps7510.o
    0x08009f3c   0x00000038   Code   RO         5209    i.MyApp_OnWaveRecordEx  myapp.o
    0x08009f74   0x00000098   Code   RO         5210    i.MyApp_OnWhileLoop  myapp.o
    0x0800a00c   0x00000054   Code   RO         5211    i.MyApp_SetAllDeviceSets  myapp.o
    0x0800a060   0x00000080   Code   RO         5737    i.MyApp_SetWaveRecordK  _myappnps7510.o
    0x0800a0e0   0x00000024   Code   RO         5213    i.MyApp_UpdateAllDeviceSets  myapp.o
    0x0800a104   0x0000002e   Code   RO         3295    i.MyHDIF_OnInit1    hdifnps7510.o
    0x0800a132   0x00000014   Code   RO         3296    i.MyHDIF_OnInit2    hdifnps7510.o
    0x0800a146   0x00000002   PAD
    0x0800a148   0x00000018   Code   RO         3297    i.MyHDIF_OnPollingComm  hdifnps7510.o
    0x0800a160   0x00000010   Code   RO         3298    i.MyHDIF_OnSCICloseTX  hdifnps7510.o
    0x0800a170   0x00000010   Code   RO         3299    i.MyHDIF_OnSCIOpenTX  hdifnps7510.o
    0x0800a180   0x00000048   Code   RO         3301    i.MyHDIF_OnTimer10ms  hdifnps7510.o
    0x0800a1c8   0x00000218   Code   RO         3302    i.MyHDIF_OnTimer1ms  hdifnps7510.o
    0x0800a3e0   0x00000008   Code   RO         3303    i.MyHDIF_OnWhileLoop  hdifnps7510.o
    0x0800a3e8   0x0000003c   Code   RO         5327    i.MyHMI_AddEventText  myhmidmr.o
    0x0800a424   0x000001d0   Code   RO         5329    i.MyHMI_AutoLCDDataOut  myhmidmr.o
    0x0800a5f4   0x000002e8   Code   RO         5817    i.MyHMI_AutoLCDDataOutSub  _myhminps7510.o
    0x0800a8dc   0x00000138   Code   RO         5330    i.MyHMI_GetEditMetrics  myhmidmr.o
    0x0800aa14   0x00000098   Code   RO         5818    i.MyHMI_GetEditMetricsSub  _myhminps7510.o
    0x0800aaac   0x000001b4   Code   RO         5331    i.MyHMI_GetEventText  myhmidmr.o
    0x0800ac60   0x000000a0   Code   RO         5819    i.MyHMI_GetEventTextSub  _myhminps7510.o
    0x0800ad00   0x0000000e   Code   RO         5332    i.MyHMI_GetPasswordMode  myhmidmr.o
    0x0800ad0e   0x00000002   PAD
    0x0800ad10   0x00000080   Code   RO         5820    i.MyHMI_GetProtectActDataInfo  _myhminps7510.o
    0x0800ad90   0x00000048   Code   RO         5333    i.MyHMI_OnInit      myhmidmr.o
    0x0800add8   0x0000001c   Code   RO         5821    i.MyHMI_OnInitSub   _myhminps7510.o
    0x0800adf4   0x00000002   Code   RO         5334    i.MyHMI_OnResetDevice  myhmidmr.o
    0x0800adf6   0x00000008   Code   RO         5335    i.MyHMI_OnTimer1000ms  myhmidmr.o
    0x0800adfe   0x00000002   PAD
    0x0800ae00   0x000000c4   Code   RO         5336    i.MyHMI_OnTimer10ms  myhmidmr.o
    0x0800aec4   0x00000054   Code   RO         5822    i.MyHMI_OnTimer10msSub  _myhminps7510.o
    0x0800af18   0x00000018   Code   RO         5338    i.MyHMI_OnUpdateDevice  myhmidmr.o
    0x0800af30   0x0000001c   Code   RO         5339    i.MyHMI_OnWhileLoop  myhmidmr.o
    0x0800af4c   0x00000048   Code   RO         5340    i.MyHMI_TestLights  myhmidmr.o
    0x0800af94   0x00000024   Code   RO         5823    i.MyHMI_TestLightsSub  _myhminps7510.o
    0x0800afb8   0x0000000e   Code   RO         5341    i.MyHMI_iiiOnWhileLoopExt  myhmidmr.o
    0x0800afc6   0x00000002   PAD
    0x0800afc8   0x00000074   Code   RO           10    i.NVIC_Init         misc.o
    0x0800b03c   0x00000014   Code   RO           11    i.NVIC_PriorityGroupConfig  misc.o
    0x0800b050   0x00000018   Code   RO         4342    i.OnMainInit        __main.o
    0x0800b068   0x0000000c   Code   RO         4344    i.OnMainTimer1000ms  __main.o
    0x0800b074   0x00000010   Code   RO         4345    i.OnMainTimer10ms   __main.o
    0x0800b084   0x0000000c   Code   RO         4346    i.OnMainTimer1ms    __main.o
    0x0800b090   0x00000008   Code   RO         4347    i.OnMainTimer250ms  __main.o
    0x0800b098   0x00000010   Code   RO         4348    i.OnMainWhileLoop   __main.o
    0x0800b0a8   0x0000000c   Code   RO         4349    i.OnWaveRecord      __main.o
    0x0800b0b4   0x00000006   Code   RO         4490    i.Output_EnterTest  __output.o
    0x0800b0ba   0x00000028   Code   RO         4491    i.Output_IsOutputValid  __output.o
    0x0800b0e2   0x00000010   Code   RO         4492    i.Output_OnInit     __output.o
    0x0800b0f2   0x0000009c   Code   RO         4493    i.Output_OnTimer10ms  __output.o
    0x0800b18e   0x00000034   Code   RO         4494    i.Output_SetLevel   __output.o
    0x0800b1c2   0x0000001c   Code   RO         4495    i.Output_SetPulse   __output.o
    0x0800b1de   0x00000090   Code   RO         6034    i.PGPRT_GetEditMetrics  mypg_protectnps7510.o
    0x0800b26e   0x00000002   PAD
    0x0800b270   0x00000054   Code   RO         5524    i.PGPRT_GetLinePosY  mypg_protect.o
    0x0800b2c4   0x00000030   Code   RO         5525    i.PGPRT_GetLinePosYExt  mypg_protect.o
    0x0800b2f4   0x00000034   Code   RO         5526    i.PGPRT_GetProtectName  mypg_protect.o
    0x0800b328   0x000000e4   Code   RO         5528    i.PGPRT_OnRefreshPage  mypg_protect.o
    0x0800b40c   0x0000017c   Code   RO         5529    i.PGPRT_OutProtectINsetpoint  mypg_protect.o
    0x0800b588   0x000000b8   Code   RO         5530    i.PGPRT_OutProtectName  mypg_protect.o
    0x0800b640   0x000000b0   Code   RO         5531    i.PGPRT_OutProtectSetX  mypg_protect.o
    0x0800b6f0   0x000000a0   Code   RO         5533    i.PGPRT_OutProtectTog  mypg_protect.o
    0x0800b790   0x0000005c   Code   RO         6035    i.PGPRT_SetMetrics  mypg_protectnps7510.o
    0x0800b7ec   0x0000028c   Code   RO         6036    i.PGPRT_iiiOnRefreshPage  mypg_protectnps7510.o
    0x0800ba78   0x00000084   Code   RO         5595    i.PGWR_DrawScrollBar  mypg_waverecord.o
    0x0800bafc   0x00000124   Code   RO         5596    i.PGWR_DrawWaveAnalog  mypg_waverecord.o
    0x0800bc20   0x00000048   Code   RO         5597    i.PGWR_DrawWaveSwitch  mypg_waverecord.o
    0x0800bc68   0x000000c4   Code   RO         5598    i.PGWR_GetWaveDataAnalog  mypg_waverecord.o
    0x0800bd2c   0x00000054   Code   RO         5599    i.PGWR_GetWaveDataSwitch  mypg_waverecord.o
    0x0800bd80   0x00000080   Code   RO         5600    i.PGWR_GotoNextPage  mypg_waverecord.o
    0x0800be00   0x000000cc   Code   RO         5601    i.PGWR_OnKeyMsg     mypg_waverecord.o
    0x0800becc   0x000000f0   Code   RO         5602    i.PGWR_OnRefreshPage  mypg_waverecord.o
    0x0800bfbc   0x0000014c   Code   RO         5603    i.PGWR_OnRefreshPageWaveDisplay  mypg_waverecord.o
    0x0800c108   0x00000188   Code   RO         5604    i.PGWR_OnRefreshPageWaveSelect  mypg_waverecord.o
    0x0800c290   0x0000001c   Code   RO         5605    i.PGWR_SetMetrics   mypg_waverecord.o
    0x0800c2ac   0x00000200   Code   RO         4532    i.PQ_Calculate1     __pqphqh.o
    0x0800c4ac   0x00000052   Code   RO         4534    i.PQ_CalculatePQ    __pqphqh.o
    0x0800c4fe   0x00000002   PAD
    0x0800c500   0x00000020   Code   RO         4535    i.PQ_FormatToShort  __pqphqh.o
    0x0800c520   0x0000003c   Code   RO         4536    i.PQ_GetPF          __pqphqh.o
    0x0800c55c   0x00000026   Code   RO         5444    i.Page_DrawHead     mypage160x160.o
    0x0800c582   0x00000002   PAD
    0x0800c584   0x00000074   Code   RO         5445    i.Page_DrawRTWave   mypage160x160.o
    0x0800c5f8   0x00000148   Code   RO         5014    i.Page_DrawRTWave1  mypage.o
    0x0800c740   0x00000028   Code   RO         5446    i.Page_DrawRTWaveGrid  mypage160x160.o
    0x0800c768   0x00000062   Code   RO         5015    i.Page_DrawRTWaveGrid1  mypage.o
    0x0800c7ca   0x0000001e   Code   RO         5447    i.Page_DrawScroll   mypage160x160.o
    0x0800c7e8   0x00000048   Code   RO         5016    i.Page_GetLinePosY  mypage.o
    0x0800c830   0x00000018   Code   RO         5920    i.Page_OnKeyMsg     mypagenps7510.o
    0x0800c848   0x000001c8   Code   RO         5921    i.Page_OnRPAdjust   mypagenps7510.o
    0x0800ca10   0x00000148   Code   RO         5922    i.Page_OnRPBOTest   mypagenps7510.o
    0x0800cb58   0x000000e0   Code   RO         5923    i.Page_OnRPEngeryData  mypagenps7510.o
    0x0800cc38   0x000002d0   Code   RO         5924    i.Page_OnRPMeansureData  mypagenps7510.o
    0x0800cf08   0x000000a4   Code   RO         5925    i.Page_OnRPParamBase  mypagenps7510.o
    0x0800cfac   0x000002a4   Code   RO         5926    i.Page_OnRPPrimaryData  mypagenps7510.o
    0x0800d250   0x000000e4   Code   RO         5453    i.Page_OnRPSetupDeviceTime  mypage160x160.o
    0x0800d334   0x000000e8   Code   RO         5927    i.Page_OnRPSetupEnergy  mypagenps7510.o
    0x0800d41c   0x00000030   Code   RO         5928    i.Page_OnRefreshACData  mypagenps7510.o
    0x0800d44c   0x000001c0   Code   RO         5929    i.Page_OnRefreshInfo  mypagenps7510.o
    0x0800d60c   0x00000090   Code   RO         5930    i.Page_OnRefreshPage  mypagenps7510.o
    0x0800d69c   0x000001f4   Code   RO         5454    i.Page_OnRefreshPageEvent  mypage160x160.o
    0x0800d890   0x0000012c   Code   RO         5455    i.Page_OnRefreshPageLCDContrast  mypage160x160.o
    0x0800d9bc   0x00000064   Code   RO         5931    i.Page_OnRefreshPageParamSetup  mypagenps7510.o
    0x0800da20   0x000000c0   Code   RO         5932    i.Page_OnRefreshPageRTWave  mypagenps7510.o
    0x0800dae0   0x000000ac   Code   RO         5933    i.Page_OnRefreshPageSetpoint  mypagenps7510.o
    0x0800db8c   0x000000a8   Code   RO         5934    i.Page_OnRefreshPageSwitch  mypagenps7510.o
    0x0800dc34   0x0000005c   Code   RO         5935    i.Page_OnRefreshPageWaveRecord  mypagenps7510.o
    0x0800dc90   0x0000001c   Code   RO         5017    i.Page_SetMetrics   mypage.o
    0x0800dcac   0x0000000c   Code   RO         6074    i.Protect_DL1_OnInit  protect.o
    0x0800dcb8   0x0000003c   Code   RO         6075    i.Protect_DL1_Run   protect.o
    0x0800dcf4   0x0000000c   Code   RO         6076    i.Protect_DL2_OnInit  protect.o
    0x0800dd00   0x0000003c   Code   RO         6077    i.Protect_DL2_Run   protect.o
    0x0800dd3c   0x0000000c   Code   RO         6078    i.Protect_GY1_OnInit  protect.o
    0x0800dd48   0x0000003c   Code   RO         6079    i.Protect_GY1_Run   protect.o
    0x0800dd84   0x0000000c   Code   RO         6080    i.Protect_GY2_OnInit  protect.o
    0x0800dd90   0x0000003c   Code   RO         6081    i.Protect_GY2_Run   protect.o
    0x0800ddcc   0x00000040   Code   RO         5135    i.Protect_GetAct    __protect.o
    0x0800de0c   0x00000002   Code   RO         6082    i.Protect_OnActTripped  protect.o
    0x0800de0e   0x00000002   PAD
    0x0800de10   0x00000030   Code   RO         6083    i.Protect_OnInit    protect.o
    0x0800de40   0x00000048   Code   RO         5136    i.Protect_OnInit1   __protect.o
    0x0800de88   0x00000014   Code   RO         6084    i.Protect_OnInitSetpoint  protect.o
    0x0800de9c   0x00000090   Code   RO         5137    i.Protect_OnTimer10ms  __protect.o
    0x0800df2c   0x0000009c   Code   RO         5138    i.Protect_OnTimer1ms  __protect.o
    0x0800dfc8   0x00000058   Code   RO         5139    i.Protect_ProtectXGE  __protect.o
    0x0800e020   0x00000058   Code   RO         5140    i.Protect_ProtectXLE  __protect.o
    0x0800e078   0x00000014   Code   RO         6085    i.Protect_QY1_OnInit  protect.o
    0x0800e08c   0x00000068   Code   RO         6086    i.Protect_QY1_Run   protect.o
    0x0800e0f4   0x00000014   Code   RO         6087    i.Protect_QY2_OnInit  protect.o
    0x0800e108   0x00000068   Code   RO         6088    i.Protect_QY2_Run   protect.o
    0x0800e170   0x0000010c   Code   RO         6089    i.Protect_Run       protect.o
    0x0800e27c   0x000001a4   Code   RO         5141    i.Protect_SetProtectAct  __protect.o
    0x0800e420   0x00000020   Code   RO         5081    i.Protocol_CopyByteToWord  myprotocolmodbus.o
    0x0800e440   0x00000020   Code   RO         5083    i.Protocol_CopyWordToByte  myprotocolmodbus.o
    0x0800e460   0x00000040   Code   RO         5050    i.Protocol_GetSndData  myprotocol.o
    0x0800e4a0   0x00000054   Code   RO         5051    i.Protocol_OnInit   myprotocol.o
    0x0800e4f4   0x00000028   Code   RO         5052    i.Protocol_OnPolling  myprotocol.o
    0x0800e51c   0x00000128   Code   RO         5084    i.Protocol_OnRcvProcess  myprotocolmodbus.o
    0x0800e644   0x00000184   Code   RO         5085    i.Protocol_OnTaskProcess  myprotocolmodbus.o
    0x0800e7c8   0x000000ac   Code   RO         5086    i.Protocol_OnTimer10msCRC  myprotocolmodbus.o
    0x0800e874   0x00000018   Code   RO         1626    i.RCC_ADCCLKConfig  stm32f10x_rcc.o
    0x0800e88c   0x00000020   Code   RO         1627    i.RCC_AHBPeriphClockCmd  stm32f10x_rcc.o
    0x0800e8ac   0x00000020   Code   RO         1628    i.RCC_APB1PeriphClockCmd  stm32f10x_rcc.o
    0x0800e8cc   0x00000020   Code   RO         1630    i.RCC_APB2PeriphClockCmd  stm32f10x_rcc.o
    0x0800e8ec   0x00000014   Code   RO         1634    i.RCC_ClearFlag     stm32f10x_rcc.o
    0x0800e900   0x000000d4   Code   RO         1638    i.RCC_GetClocksFreq  stm32f10x_rcc.o
    0x0800e9d4   0x0000003c   Code   RO         1639    i.RCC_GetFlagStatus  stm32f10x_rcc.o
    0x0800ea10   0x00000064   Code   RO         6472    i.RTC_IsError       rtc_rx8025.o
    0x0800ea74   0x00000066   Code   RO         6473    i.RTC_OnInit        rtc_rx8025.o
    0x0800eada   0x00000062   Code   RO         6474    i.RTC_ReadTime      rtc_rx8025.o
    0x0800eb3c   0x00000054   Code   RO         6475    i.RTC_WriteTime     rtc_rx8025.o
    0x0800eb90   0x00000042   Code   RO         6518    i.ReadAnswerBit     stm32_i2csim1.o
    0x0800ebd2   0x00000042   Code   RO         6619    i.ReadAnswerBit     stm32_i2csim2.o
    0x0800ec14   0x00000062   Code   RO         6519    i.ReadByte          stm32_i2csim1.o
    0x0800ec76   0x00000062   Code   RO         6620    i.ReadByte          stm32_i2csim2.o
    0x0800ecd8   0x0000006c   Code   RO         5674    i.SearchRecord      mytabledmr.o
    0x0800ed44   0x00000048   Code   RO         6520    i.SendByte          stm32_i2csim1.o
    0x0800ed8c   0x00000048   Code   RO         6621    i.SendByte          stm32_i2csim2.o
    0x0800edd4   0x00000014   Code   RO         5824    i.SetDataMetricsPhQh  _myhminps7510.o
    0x0800ede8   0x00000010   Code   RO         6037    i.SetDataSetIP      mypg_protectnps7510.o
    0x0800edf8   0x00000010   Code   RO         6038    i.SetDataSetT       mypg_protectnps7510.o
    0x0800ee08   0x0000001c   Code   RO         6039    i.SetDataSetUll     mypg_protectnps7510.o
    0x0800ee24   0x0000000c   Code   RO         6521    i.SetSCLtoHigh      stm32_i2csim1.o
    0x0800ee30   0x00000010   Code   RO         6622    i.SetSCLtoHigh      stm32_i2csim2.o
    0x0800ee40   0x0000000c   Code   RO         6522    i.SetSCLtoLow       stm32_i2csim1.o
    0x0800ee4c   0x00000010   Code   RO         6623    i.SetSCLtoLow       stm32_i2csim2.o
    0x0800ee5c   0x0000002c   Code   RO         6523    i.SetSDAtoHigh      stm32_i2csim1.o
    0x0800ee88   0x0000002c   Code   RO         6624    i.SetSDAtoHigh      stm32_i2csim2.o
    0x0800eeb4   0x00000024   Code   RO         6524    i.SetSDAtoInput     stm32_i2csim1.o
    0x0800eed8   0x00000024   Code   RO         6625    i.SetSDAtoInput     stm32_i2csim2.o
    0x0800eefc   0x0000002c   Code   RO         6525    i.SetSDAtoLow       stm32_i2csim1.o
    0x0800ef28   0x0000002c   Code   RO         6626    i.SetSDAtoLow       stm32_i2csim2.o
    0x0800ef54   0x00000008   Code   RO         3038    i.SetSysClock       system_stm32f10x.o
    0x0800ef5c   0x000000dc   Code   RO         3039    i.SetSysClockTo72   system_stm32f10x.o
    0x0800f038   0x00000014   Code   RO         4673    i.StringCopy        __tool.o
    0x0800f04c   0x00000064   Code   RO         4574    i.Switch_OnInit     __switch.o
    0x0800f0b0   0x00000188   Code   RO         4575    i.Switch_OnTimer1ms  __switch.o
    0x0800f238   0x00000060   Code   RO         3041    i.SystemInit        system_stm32f10x.o
    0x0800f298   0x00000064   Code   RO         3075    i.TIM3_IRQHandler   stm32f103vc.o
    0x0800f2fc   0x00000074   Code   RO         3076    i.TIM6_IRQHandler   stm32f103vc.o
    0x0800f370   0x00000094   Code   RO         3077    i.TIM7_IRQHandler   stm32f103vc.o
    0x0800f404   0x00000006   Code   RO         2257    i.TIM_ClearITPendingBit  stm32f10x_tim.o
    0x0800f40a   0x00000018   Code   RO         2262    i.TIM_Cmd           stm32f10x_tim.o
    0x0800f422   0x00000002   PAD
    0x0800f424   0x00000148   Code   RO         3078    i.TIM_Config        stm32f103vc.o
    0x0800f56c   0x00000022   Code   RO         2283    i.TIM_GetITStatus   stm32f10x_tim.o
    0x0800f58e   0x00000012   Code   RO         2287    i.TIM_ITConfig      stm32f10x_tim.o
    0x0800f5a0   0x00000006   Code   RO         2311    i.TIM_PrescalerConfig  stm32f10x_tim.o
    0x0800f5a6   0x00000002   PAD
    0x0800f5a8   0x000000a4   Code   RO         2333    i.TIM_TimeBaseInit  stm32f10x_tim.o
    0x0800f64c   0x000000b4   Code   RO         5675    i.Table_ControlOut  mytabledmr.o
    0x0800f700   0x0000001e   Code   RO         5123    i.Table_GetDevAddr  mytable.o
    0x0800f71e   0x00000002   PAD
    0x0800f720   0x0000018c   Code   RO         5676    i.Table_GetDeviceAddr  mytabledmr.o
    0x0800f8ac   0x00000026   Code   RO         5677    i.Table_ReadExt     mytabledmr.o
    0x0800f8d2   0x00000002   PAD
    0x0800f8d4   0x000001ec   Code   RO         5678    i.Table_ReadWaveRecod  mytabledmr.o
    0x0800fac0   0x00000048   Code   RO         5679    i.Table_RemoteControlOut  mytabledmr.o
    0x0800fb08   0x0000005a   Code   RO         5680    i.TimeNEQ           mytabledmr.o
    0x0800fb62   0x0000004e   Code   RO         4598    i.Time_GetDayOfMonth  __time.o
    0x0800fbb0   0x00000018   Code   RO         4599    i.Time_IsFlashing   __time.o
    0x0800fbc8   0x00000064   Code   RO         4600    i.Time_IsTimeOK     __time.o
    0x0800fc2c   0x00000040   Code   RO         4601    i.Time_OnInit       __time.o
    0x0800fc6c   0x00000044   Code   RO         4602    i.Time_OnTimer1000ms  __time.o
    0x0800fcb0   0x00000098   Code   RO         4603    i.Time_OnTimer1ms   __time.o
    0x0800fd48   0x00000020   Code   RO         4604    i.Time_OnUpdateDevice  __time.o
    0x0800fd68   0x00000012   Code   RO         2794    i.USART_ClearFlag   stm32f10x_usart.o
    0x0800fd7a   0x00000018   Code   RO         2798    i.USART_Cmd         stm32f10x_usart.o
    0x0800fd92   0x0000001a   Code   RO         2801    i.USART_GetFlagStatus  stm32f10x_usart.o
    0x0800fdac   0x000000d8   Code   RO         2805    i.USART_Init        stm32f10x_usart.o
    0x0800fe84   0x0000000a   Code   RO         2812    i.USART_ReceiveData  stm32f10x_usart.o
    0x0800fe8e   0x00000008   Code   RO         2815    i.USART_SendData    stm32f10x_usart.o
    0x0800fe96   0x00000018   Code   RO         2821    i.USART_StructInit  stm32f10x_usart.o
    0x0800feae   0x00000016   Code   RO         6090    i.UlltoRun          protect.o
    0x0800fec4   0x00000048   Code   RO         4743    i.WaveRecord_FreezeRecord  __waverecord.o
    0x0800ff0c   0x00000020   Code   RO         4744    i.WaveRecord_GetRecord  __waverecord.o
    0x0800ff2c   0x00000054   Code   RO         4745    i.WaveRecord_OnInit  __waverecord.o
    0x0800ff80   0x00000088   Code   RO         4746    i.WaveRecord_OnRecord  __waverecord.o
    0x08010008   0x00000028   Code   RO         4747    i.WaveRecord_OnTimer1000ms  __waverecord.o
    0x08010030   0x0000004c   Code   RO         4748    i.WaveRecord_ReadRecord  __waverecord.o
    0x0801007c   0x00000040   Code   RO         4749    i.WaveRecord_StartRecord  __waverecord.o
    0x080100bc   0x0000003c   Code   RO         4750    i.WaveRecord_WriteRecord  __waverecord.o
    0x080100f8   0x00000020   Code   RO         6526    i.WriteAnswerBit    stm32_i2csim1.o
    0x08010118   0x00000020   Code   RO         6627    i.WriteAnswerBit    stm32_i2csim2.o
    0x08010138   0x00000020   Code   RO         6527    i.WriteNoAnswerBit  stm32_i2csim1.o
    0x08010158   0x00000020   Code   RO         6628    i.WriteNoAnswerBit  stm32_i2csim2.o
    0x08010178   0x0000002a   Code   RO         6528    i.WriteStartBit     stm32_i2csim1.o
    0x080101a2   0x0000002a   Code   RO         6629    i.WriteStartBit     stm32_i2csim2.o
    0x080101cc   0x0000002a   Code   RO         6529    i.WriteStopBit      stm32_i2csim1.o
    0x080101f6   0x0000002a   Code   RO         6630    i.WriteStopBit      stm32_i2csim2.o
    0x08010220   0x00000028   Code   RO         6821    i.__ARM_fpclassify  m_ws.l(fpclassify.o)
    0x08010248   0x000000aa   Code   RO         6823    i.__kernel_poly     m_ws.l(poly.o)
    0x080102f2   0x00000002   PAD
    0x080102f4   0x00000010   Code   RO         6819    i.__mathlib_dbl_underflow  m_ws.l(dunder.o)
    0x08010304   0x0000000e   Code   RO         6839    i.__scatterload_copy  mc_w.l(handlers.o)
    0x08010312   0x00000002   Code   RO         6840    i.__scatterload_null  mc_w.l(handlers.o)
    0x08010314   0x0000000e   Code   RO         6841    i.__scatterload_zeroinit  mc_w.l(handlers.o)
    0x08010322   0x00000002   PAD
    0x08010324   0x00000224   Code   RO         6779    i.atan              m_ws.l(atan.o)
    0x08010548   0x00000180   Code   RO         6752    i.atan2             m_ws.l(atan2.o)
    0x080106c8   0x000000b4   Code   RO         3079    i.main              stm32f103vc.o
    0x0801077c   0x0001af70   Data   RO         3915    .constdata          __hz12x12.o
    0x0802b6ec   0x0000023a   Data   RO         4034    .constdata          __lcd.o
    0x0802b926   0x0000000e   Data   RO         4606    .constdata          __time.o
    0x0802b934   0x00000382   Data   RO         4674    .constdata          __tool.o
    0x0802bcb6   0x00000018   Data   RO         5343    .constdata          myhmidmr.o
    0x0802bcce   0x00000002   PAD
    0x0802bcd0   0x00000020   Data   RO         5739    .constdata          _myappnps7510.o
    0x0802bcf0   0x00000012   Data   RO         5826    .constdata          _myhminps7510.o
    0x0802bd02   0x00000002   PAD
    0x0802bd04   0x00000060   Data   RO         6091    .constdata          protect.o
    0x0802bd64   0x00000004   PAD
    0x0802bd68   0x00000098   Data   RO         6780    .constdata          m_ws.l(atan.o)
    0x0802be00   0x00000008   Data   RO         6788    .constdata          m_ws.l(qnan.o)
    0x0802be08   0x00000018   Data   RO         5827    .conststring        _myhminps7510.o
    0x0802be20   0x00000077   Data   RO         6092    .conststring        protect.o
    0x0802be97   0x00000001   PAD
    0x0802be98   0x00000020   Data   RO         6837    Region$$Table       anon$$obj.o


    Execution Region RW_IRAM1 (Base: 0x20000000, Size: 0x00008790, Max: 0x0000c000, ABSOLUTE, COMPRESSED[0x0000004c])

    Base Addr    Size         Type   Attr      Idx    E Section Name        Object

    0x20000000   0x00000014   Data   RW         1658    .data               stm32f10x_rcc.o
    0x20000014   0x00000014   Data   RW         3042    .data               system_stm32f10x.o
    0x20000028   0x00000032   Data   RW         3080    .data               stm32f103vc.o
    0x2000005a   0x00000002   PAD
    0x2000005c   0x00000004   Data   RW         3456    .data               __data.o
    0x20000060   0x0000000a   Data   RW         3647    .data               __edit.o
    0x2000006a   0x00000006   Data   RW         3867    .data               __event.o
    0x20000070   0x00000014   Data   RW         3947    .data               __key.o
    0x20000084   0x00000026   Data   RW         4035    .data               __lcd.o
    0x200000aa   0x00000002   PAD
    0x200000ac   0x00000010   Data   RW         4299    .data               __lcdmem.o
    0x200000bc   0x0000000c   Data   RW         4414    .data               __measure.o
    0x200000c8   0x00000028   Data   RW         4537    .data               __pqphqh.o
    0x200000f0   0x00000044   Data   RW         4576    .data               __switch.o
    0x20000134   0x00000002   Data   RW         4607    .data               __time.o
    0x20000136   0x00000006   Data   RW         4752    .data               __waverecord.o
    0x2000013c   0x00000054   Data   RW         4837    .data               mymenu.o
    0x20000190   0x00000006   Data   RW         5018    .data               mypage.o
    0x20000196   0x00000002   PAD
    0x20000198   0x00000018   Data   RW         5054    .data               myprotocol.o
    0x200001b0   0x00000018   Data   RW         5143    .data               __protect.o
    0x200001c8   0x0000001a   Data   RW         5215    .data               myapp.o
    0x200001e2   0x00000002   Data   RW         5344    .data               myhmidmr.o
    0x200001e4   0x0000001c   Data   RW         5534    .data               mypg_protect.o
    0x20000200   0x00000014   Data   RW         5607    .data               mypg_waverecord.o
    0x20000214   0x00000002   Data   RW         5683    .data               mytabledmr.o
    0x20000216   0x00000002   PAD
    0x20000218   0x00000004   Data   RW         5740    .data               _myappnps7510.o
    0x2000021c   0x00000018   Data   RW         5828    .data               _myhminps7510.o
    0x20000234   0x00000008   Data   RW         5937    .data               mypagenps7510.o
    0x2000023c   0x00000024   Data   RW         6093    .data               protect.o
    0x20000260   0x00000002   Data   RW         6719    .data               stm32_sci.o
    0x20000262   0x00000002   PAD
    0x20000264   0x00000020   Zero   RW         3455    .bss                __data.o
    0x20000284   0x00000500   Zero   RW         3646    .bss                __edit.o
    0x20000784   0x000007d2   Zero   RW         3866    .bss                __event.o
    0x20000f56   0x00000c80   Zero   RW         4298    .bss                __lcdmem.o
    0x20001bd6   0x00000002   PAD
    0x20001bd8   0x000002d0   Zero   RW         4413    .bss                __measure.o
    0x20001ea8   0x0000000e   Zero   RW         4605    .bss                __time.o
    0x20001eb6   0x00004fa6   Zero   RW         4751    .bss                __waverecord.o
    0x20006e5c   0x00000100   Zero   RW         5053    .bss                myprotocol.o
    0x20006f5c   0x0000006c   Zero   RW         5142    .bss                __protect.o
    0x20006fc8   0x000000c4   Zero   RW         5214    .bss                myapp.o
    0x2000708c   0x00000059   Zero   RW         5342    .bss                myhmidmr.o
    0x200070e5   0x00000003   PAD
    0x200070e8   0x0000016a   Zero   RW         5606    .bss                mypg_waverecord.o
    0x20007252   0x00000d5c   Zero   RW         5681    .bss                mytabledmr.o
    0x20007fae   0x00000002   PAD
    0x20007fb0   0x000003c8   Zero   RW         5738    .bss                _myappnps7510.o
    0x20008378   0x00000018   Zero   RW         5825    .bss                _myhminps7510.o
    0x20008390   0x00000400   Zero   RW            1    STACK               startup_stm32f10x_hd.o


==============================================================================

Image component sizes


      Code (inc. data)   RO Data    RW Data    ZI Data      Debug   Object Name

        76          0          0          0          0       1880   __alarm.o
       942         26          0          4         32       7972   __data.o
       314          8          0          0          0       3327   __devset.o
       424         10          0          0          0        994   __dft.o
      2972        210          0         10       1280      23238   __edit.o
       484         84          0          6       2002       4404   __event.o
       128          4     110448          0          0       1050   __hz12x12.o
         2          0          0          0          0        675   __hz16x16.o
       372         78          0         20          0       3163   __key.o
      3524        298        570         38          0      21935   __lcd.o
       416         80          0         16       3200       3391   __lcdmem.o
       100          0          0          0          0       2748   __main.o
      1436        136          0         12        720       6988   __measure.o
       298          0          0          0          0       3139   __output.o
       686         78          0         40          0       3683   __pqphqh.o
      1032        122          0         24        108       6481   __protect.o
       492         70          0         68          0       1950   __switch.o
       518         56         14          2         14       4040   __time.o
       380         16        898          0          0       5969   __tool.o
       564         74          0          6      20390       5268   __waverecord.o
      2616        436         32          4        968       9305   _myappnps7510.o
      1384        262         42         24         24       5988   _myhminps7510.o
       268          0          0          0          0       2872   areeprom_fm24clxx.o
      1566         96          0          0          0       5045   hdifnps7510.o
       136         24          0          0          0     271567   misc.o
      1768        314          0         26        196      12456   myapp.o
      1702        224         24          2         89       7694   myhmidmr.o
       636         16          0          0          0       3262   mylcd_uc1698u.o
      4448        720          0         84          0      19218   mymenu.o
       120         50          0          0          0        434   mymenu160x160.o
       496        296          0          0          0       2480   mymenunps7510.o
       526         36          0          6          0       3172   mypage.o
      1252        162          0          0          0       4667   mypage160x160.o
      4392        902          0          8          0      10453   mypagenps7510.o
      1312        286          0         28          0       5518   mypg_protect.o
       948        382          0          0          0       3371   mypg_protectnps7510.o
      2100        218          0         20        362       8139   mypg_waverecord.o
       188         58          0         24        256       2001   myprotocol.o
       920         64          0          0          0       3299   myprotocolmodbus.o
        30          0          0          0          0        887   mytable.o
      1376        106          0          2       3420       5733   mytabledmr.o
       918        184        215         36          0       9617   protect.o
       444          0          0          0          0       4018   rtc_rx8025.o
      1110         60          0          0          0      10523   sst25vf016b.o
        36          8        336          0       1024        856   startup_stm32f10x_hd.o
       738         32          0          0          0       6699   stm32_i2csim1.o
       724         30          0          0          0       6691   stm32_i2csim2.o
       416         34          0          2          0       2418   stm32_sci.o
      1440        136          0         50          0      16385   stm32f103vc.o
       390         10          0          0          0       7009   stm32f10x_adc.o
       506         28          0          0          0       4903   stm32f10x_dma.o
       274          0          0          0          0       1892   stm32f10x_gpio.o
        68         30          0          0          0       2290   stm32f10x_iwdg.o
       412         54          0         20          0       6349   stm32f10x_rcc.o
       252         42          0          0          0       3912   stm32f10x_tim.o
       326          6          0          0          0       5345   stm32f10x_usart.o
       324         28          0         20          0       2201   system_stm32f10x.o

    ----------------------------------------------------------------------
     51780       6684     112620        612      34092     590964   Object Totals
         0          0         32          0          0          0   (incl. Generated)
        58          0          9         10          7          0   (incl. Padding)

    ----------------------------------------------------------------------

      Code (inc. data)   RO Data    RW Data    ZI Data      Debug   Library Member Name

       548         70        152          0          0        124   atan.o
       384         38          0          0          0        144   atan2.o
        16          6          0          0          0         68   dunder.o
        40          0          0          0          0         68   fpclassify.o
       170          0          0          0          0         96   poly.o
         0          0          8          0          0          0   qnan.o
        92          0          0          0          0          0   __dczerorl2.o
         0          0          0          0          0          0   entry.o
         0          0          0          0          0          0   entry10a.o
         0          0          0          0          0          0   entry11a.o
         8          4          0          0          0          0   entry2.o
         4          0          0          0          0          0   entry5.o
         0          0          0          0          0          0   entry7b.o
         0          0          0          0          0          0   entry8b.o
         8          4          0          0          0          0   entry9a.o
        30          0          0          0          0          0   handlers.o
        36          8          0          0          0         68   init.o
         0          0          0          0          0          0   iusefp.o
        30          0          0          0          0         68   llshl.o
        36          0          0          0          0         68   llsshr.o
        32          0          0          0          0         68   llushr.o
        36          0          0          0          0         68   memcpya.o
        20          0          0          0          0         68   cfrcmple.o
        56          0          0          0          0         88   d2f.o
       334          0          0          0          0        148   dadd.o
       222          0          0          0          0        100   ddiv.o
       190          0          0          0          0        176   depilogue.o
        34          0          0          0          0         76   dflti.o
       228          0          0          0          0         96   dmul.o
        46          0          0          0          0         80   dscalb.o
       176          0          0          0          0        140   fadd.o
       108          0          0          0          0        168   fepilogue.o
        50          0          0          0          0         68   ffixi.o
       108          0          0          0          0         76   fmul.o

    ----------------------------------------------------------------------
      3048        130        160          0          0       2124   Library Totals
         6          0          0          0          0          0   (incl. Padding)

    ----------------------------------------------------------------------

      Code (inc. data)   RO Data    RW Data    ZI Data      Debug   Library Name

      1158        114        160          0          0        500   m_ws.l
       312         16          0          0          0        340   mc_w.l
      1572          0          0          0          0       1284   mf_w.l

    ----------------------------------------------------------------------
      3048        130        160          0          0       2124   Library Totals

    ----------------------------------------------------------------------

==============================================================================


      Code (inc. data)   RO Data    RW Data    ZI Data      Debug   

     54828       6814     112780        612      34092     566672   Grand Totals
     54828       6814     112780         76      34092     566672   ELF Image Totals (compressed)
     54828       6814     112780         76          0          0   ROM Totals

==============================================================================

    Total RO  Size (Code + RO Data)               167608 ( 163.68kB)
    Total RW  Size (RW Data + ZI Data)             34704 (  33.89kB)
    Total ROM Size (Code + RO Data + RW Data)     167684 ( 163.75kB)

==============================================================================

